[    0.000000] Linux version 4.15.0-175-generic (buildd@lcy02-amd64-034) (gcc version 7.5.0 (Ubuntu 7.5.0-3ubuntu1~18.04)) #184-Ubuntu SMP Thu Mar 24 17:48:36 UTC 2022 (Ubuntu 4.15.0-175.184-generic 4.15.18)
[    0.000000] Command line: BOOT_IMAGE=/boot/vmlinuz-4.15.0-175-generic root=UUID=04b3fcfe-b4fa-4290-9d49-bee1ab416a07 ro console=tty1 console=ttyS0
[    0.000000] KERNEL supported cpus:
[    0.000000]   Intel GenuineIntel
[    0.000000]   AMD AuthenticAMD
[    0.000000]   Centaur CentaurHauls
[    0.000000] [Firmware Bug]: TSC doesn't count with P0 frequency!
[    0.000000] x86/fpu: Supporting XSAVE feature 0x001: 'x87 floating point registers'
[    0.000000] x86/fpu: Supporting XSAVE feature 0x002: 'SSE registers'
[    0.000000] x86/fpu: Supporting XSAVE feature 0x004: 'AVX registers'
[    0.000000] x86/fpu: xstate_offset[2]:  576, xstate_sizes[2]:  256
[    0.000000] x86/fpu: Enabled xstate features 0x7, context size is 832 bytes, using 'standard' format.
[    0.000000] e820: BIOS-provided physical RAM map:
[    0.000000] BIOS-e820: [mem 0x0000000000000000-0x000000000009fbff] usable
[    0.000000] BIOS-e820: [mem 0x000000000009fc00-0x000000000009ffff] reserved
[    0.000000] BIOS-e820: [mem 0x00000000000f0000-0x00000000000fffff] reserved
[    0.000000] BIOS-e820: [mem 0x0000000000100000-0x000000007ffeffff] usable
[    0.000000] BIOS-e820: [mem 0x000000007fff0000-0x000000007fffffff] ACPI data
[    0.000000] BIOS-e820: [mem 0x00000000fec00000-0x00000000fec00fff] reserved
[    0.000000] BIOS-e820: [mem 0x00000000fee00000-0x00000000fee00fff] reserved
[    0.000000] BIOS-e820: [mem 0x00000000fffc0000-0x00000000ffffffff] reserved
[    0.000000] NX (Execute Disable) protection: active
[    0.000000] SMBIOS 2.5 present.
[    0.000000] DMI: innotek GmbH VirtualBox/VirtualBox, BIOS VirtualBox 12/01/2006
[    0.000000] Hypervisor detected: KVM
[    0.000000] e820: last_pfn = 0x7fff0 max_arch_pfn = 0x400000000
[    0.000000] MTRR: Disabled
[    0.000000] x86/PAT: MTRRs disabled, skipping PAT initialization too.
[    0.000000] CPU MTRRs all blank - virtualized system.
[    0.000000] x86/PAT: Configuration [0-7]: WB  WT  UC- UC  WB  WT  UC- UC  
[    0.000000] found SMP MP-table at [mem 0x0009fff0-0x0009ffff]
[    0.000000] Scanning 1 areas for low memory corruption
[    0.000000] RAMDISK: [mem 0x35817000-0x36c02fff]
[    0.000000] ACPI: Early table checksum verification disabled
[    0.000000] ACPI: RSDP 0x00000000000E0000 000024 (v02 VBOX  )
[    0.000000] ACPI: XSDT 0x000000007FFF0030 00003C (v01 VBOX   VBOXXSDT 00000001 ASL  00000061)
[    0.000000] ACPI: FACP 0x000000007FFF00F0 0000F4 (v04 VBOX   VBOXFACP 00000001 ASL  00000061)
[    0.000000] ACPI: DSDT 0x000000007FFF0470 002325 (v02 VBOX   VBOXBIOS 00000002 INTL 20100528)
[    0.000000] ACPI: FACS 0x000000007FFF0200 000040
[    0.000000] ACPI: FACS 0x000000007FFF0200 000040
[    0.000000] ACPI: APIC 0x000000007FFF0240 00005C (v02 VBOX   VBOXAPIC 00000001 ASL  00000061)
[    0.000000] ACPI: SSDT 0x000000007FFF02A0 0001CC (v01 VBOX   VBOXCPUT 00000002 INTL 20100528)
[    0.000000] ACPI: Reserving FACP table memory at [mem 0x7fff00f0-0x7fff01e3]
[    0.000000] ACPI: Reserving DSDT table memory at [mem 0x7fff0470-0x7fff2794]
[    0.000000] ACPI: Reserving FACS table memory at [mem 0x7fff0200-0x7fff023f]
[    0.000000] ACPI: Reserving FACS table memory at [mem 0x7fff0200-0x7fff023f]
[    0.000000] ACPI: Reserving APIC table memory at [mem 0x7fff0240-0x7fff029b]
[    0.000000] ACPI: Reserving SSDT table memory at [mem 0x7fff02a0-0x7fff046b]
[    0.000000] No NUMA configuration found
[    0.000000] Faking a node at [mem 0x0000000000000000-0x000000007ffeffff]
[    0.000000] NODE_DATA(0) allocated [mem 0x7ffc5000-0x7ffeffff]
[    0.000000] kvm-clock: cpu 0, msr 0:7ff44001, primary cpu clock
[    0.000000] kvm-clock: Using msrs 4b564d01 and 4b564d00
[    0.000000] kvm-clock: using sched offset of 4842674792 cycles
[    0.000000] clocksource: kvm-clock: mask: 0xffffffffffffffff max_cycles: 0x1cd42e4dffb, max_idle_ns: 881590591483 ns
[    0.000000] Zone ranges:
[    0.000000]   DMA      [mem 0x0000000000001000-0x0000000000ffffff]
[    0.000000]   DMA32    [mem 0x0000000001000000-0x000000007ffeffff]
[    0.000000]   Normal   empty
[    0.000000]   Device   empty
[    0.000000] Movable zone start for each node
[    0.000000] Early memory node ranges
[    0.000000]   node   0: [mem 0x0000000000001000-0x000000000009efff]
[    0.000000]   node   0: [mem 0x0000000000100000-0x000000007ffeffff]
[    0.000000] Reserved but unavailable: 104 pages
[    0.000000] Initmem setup node 0 [mem 0x0000000000001000-0x000000007ffeffff]
[    0.000000] ACPI: PM-Timer IO Port: 0x4008
[    0.000000] IOAPIC[0]: apic_id 2, version 32, address 0xfec00000, GSI 0-23
[    0.000000] ACPI: INT_SRC_OVR (bus 0 bus_irq 0 global_irq 2 dfl dfl)
[    0.000000] ACPI: INT_SRC_OVR (bus 0 bus_irq 9 global_irq 9 low level)
[    0.000000] Using ACPI (MADT) for SMP configuration information
[    0.000000] smpboot: Allowing 2 CPUs, 0 hotplug CPUs
[    0.000000] PM: Registered nosave memory: [mem 0x00000000-0x00000fff]
[    0.000000] PM: Registered nosave memory: [mem 0x0009f000-0x0009ffff]
[    0.000000] PM: Registered nosave memory: [mem 0x000a0000-0x000effff]
[    0.000000] PM: Registered nosave memory: [mem 0x000f0000-0x000fffff]
[    0.000000] e820: [mem 0x80000000-0xfebfffff] available for PCI devices
[    0.000000] Booting paravirtualized kernel on KVM
[    0.000000] clocksource: refined-jiffies: mask: 0xffffffff max_cycles: 0xffffffff, max_idle_ns: 7645519600211568 ns
[    0.000000] random: get_random_bytes called from start_kernel+0x99/0x500 with crng_init=0
[    0.000000] setup_percpu: NR_CPUS:8192 nr_cpumask_bits:2 nr_cpu_ids:2 nr_node_ids:1
[    0.000000] percpu: Embedded 50 pages/cpu s167936 r8192 d28672 u1048576
[    0.000000] PV qspinlock hash table entries: 256 (order: 0, 4096 bytes)
[    0.000000] Built 1 zonelists, mobility grouping on.  Total pages: 515961
[    0.000000] Policy zone: DMA32
[    0.000000] Kernel command line: BOOT_IMAGE=/boot/vmlinuz-4.15.0-175-generic root=UUID=04b3fcfe-b4fa-4290-9d49-bee1ab416a07 ro console=tty1 console=ttyS0
[    0.000000] Memory: 2013968K/2096696K available (12300K kernel code, 2484K rwdata, 4324K rodata, 2468K init, 2724K bss, 82728K reserved, 0K cma-reserved)
[    0.000000] SLUB: HWalign=64, Order=0-3, MinObjects=0, CPUs=2, Nodes=1
[    0.000000] ftrace: allocating 39503 entries in 155 pages
[    0.004000] Hierarchical RCU implementation.
[    0.004000] 	RCU restricting CPUs from NR_CPUS=8192 to nr_cpu_ids=2.
[    0.004000] 	Tasks RCU enabled.
[    0.004000] RCU: Adjusting geometry for rcu_fanout_leaf=16, nr_cpu_ids=2
[    0.004000] NR_IRQS: 524544, nr_irqs: 440, preallocated irqs: 16
[    0.004000] Console: colour VGA+ 80x25
[    0.004000] console [tty1] enabled
[    0.004000] console [ttyS0] enabled
[    0.004000] ACPI: Core revision 20170831
[    0.004000] ACPI: 2 ACPI AML tables successfully acquired and loaded
[    0.004000] APIC: Switch to symmetric I/O mode setup
[    0.004000] x2apic enabled
[    0.004000] Switched APIC routing to physical x2apic.
[    0.004000] ..TIMER: vector=0x30 apic1=0 pin1=2 apic2=-1 pin2=-1
[    0.004000] tsc: Detected 2295.692 MHz processor
[    0.004000] Calibrating delay loop (skipped) preset value.. 4591.38 BogoMIPS (lpj=9182768)
[    0.004000] pid_max: default: 32768 minimum: 301
[    0.004000] Security Framework initialized
[    0.004000] Yama: becoming mindful.
[    0.004000] AppArmor: AppArmor initialized
[    0.004000] Dentry cache hash table entries: 262144 (order: 9, 2097152 bytes)
[    0.004000] Inode-cache hash table entries: 131072 (order: 8, 1048576 bytes)
[    0.004000] Mount-cache hash table entries: 4096 (order: 3, 32768 bytes)
[    0.004000] Mountpoint-cache hash table entries: 4096 (order: 3, 32768 bytes)
[    0.004000] Last level iTLB entries: 4KB 1024, 2MB 1024, 4MB 512
[    0.004000] Last level dTLB entries: 4KB 1536, 2MB 1536, 4MB 768, 1GB 0
[    0.004000] Spectre V1 : Mitigation: usercopy/swapgs barriers and __user pointer sanitization
[    0.004000] Spectre V2 : LFENCE not serializing, switching to generic retpoline
[    0.004000] Spectre V2 : Mitigation: Retpolines
[    0.004004] Spectre V2 : Spectre v2 / SpectreRSB mitigation: Filling RSB on context switch
[    0.005094] Speculative Store Bypass: Mitigation: Speculative Store Bypass disabled via prctl and seccomp
[    0.006558] Freeing SMP alternatives memory: 36K
[    0.128244] APIC calibration not consistent with PM-Timer: 108ms instead of 100ms
[    0.129309] APIC delta adjusted to PM-Timer: 6253816 (6774505)
[    0.130147] smpboot: CPU0: AMD Ryzen 7 3700U with Radeon Vega Mobile Gfx (family: 0x17, model: 0x18, stepping: 0x1)
[    0.131601] Performance Events: PMU not available due to virtualization, using software events only.
[    0.132000] Hierarchical SRCU implementation.
[    0.132000] NMI watchdog: Perf event create on CPU 0 failed with -2
[    0.132005] NMI watchdog: Perf NMI watchdog permanently disabled
[    0.132858] smp: Bringing up secondary CPUs ...
[    0.133576] x86: Booting SMP configuration:
[    0.134149] .... node  #0, CPUs:      #1
[    0.004000] kvm-clock: cpu 1, msr 0:7ff44041, secondary cpu clock
[    0.139431] smp: Brought up 1 node, 2 CPUs
[    0.140006] smpboot: Max logical packages: 1
[    0.140618] smpboot: Total of 2 processors activated (9182.76 BogoMIPS)
[    0.141694] devtmpfs: initialized
[    0.141694] x86/mm: Memory block size: 128MB
[    0.141726] evm: security.selinux
[    0.144005] evm: security.SMACK64
[    0.144529] evm: security.SMACK64EXEC
[    0.145067] evm: security.SMACK64TRANSMUTE
[    0.145660] evm: security.SMACK64MMAP
[    0.146208] evm: security.apparmor
[    0.146740] evm: security.ima
[    0.147201] evm: security.capability
[    0.148130] clocksource: jiffies: mask: 0xffffffff max_cycles: 0xffffffff, max_idle_ns: 7645041785100000 ns
[    0.149399] futex hash table entries: 512 (order: 3, 32768 bytes)
[    0.150260] pinctrl core: initialized pinctrl subsystem
[    0.150260] RTC time: 15:25:58, date: 04/07/22
[    0.150260] NET: Registered protocol family 16
[    0.150260] audit: initializing netlink subsys (disabled)
[    0.152035] audit: type=2000 audit(1649345164.912:1): state=initialized audit_enabled=0 res=1
[    0.153140] cpuidle: using governor ladder
[    0.156029] cpuidle: using governor menu
[    0.157168] ACPI: bus type PCI registered
[    0.157168] acpiphp: ACPI Hot Plug PCI Controller Driver version: 0.5
[    0.157858] PCI: Using configuration type 1 for base access
[    0.158600] PCI: Using configuration type 1 for extended access
[    0.160869] HugeTLB registered 2.00 MiB page size, pre-allocated 0 pages
[    0.164103] ACPI: Added _OSI(Module Device)
[    0.164878] ACPI: Added _OSI(Processor Device)
[    0.165644] ACPI: Added _OSI(3.0 _SCP Extensions)
[    0.166378] ACPI: Added _OSI(Processor Aggregator Device)
[    0.167121] ACPI: Added _OSI(Linux-Dell-Video)
[    0.167687] ACPI: Added _OSI(Linux-Lenovo-NV-HDMI-Audio)
[    0.168004] ACPI: Added _OSI(Linux-HPI-Hybrid-Graphics)
[    0.168955] ACPI: Executed 1 blocks of module-level executable AML code
[    0.172387] ACPI: Interpreter enabled
[    0.172906] ACPI: (supports S0 S5)
[    0.173376] ACPI: Using IOAPIC for interrupt routing
[    0.174351] PCI: Using host bridge windows from ACPI; if necessary, use "pci=nocrs" and report a bug
[    0.175874] ACPI: Enabled 2 GPEs in block 00 to 07
[    0.180081] ACPI: PCI Root Bridge [PCI0] (domain 0000 [bus 00-ff])
[    0.180871] acpi PNP0A03:00: _OSC: OS supports [ExtendedConfig ASPM ClockPM Segments MSI]
[    0.182786] acpi PNP0A03:00: _OSC: platform does not support [PCIeCapability]
[    0.184000] acpi PNP0A03:00: _OSC: not requesting control; platform does not support [PCIeCapability]
[    0.184004] acpi PNP0A03:00: _OSC: OS requested [PCIeHotplug PME AER PCIeCapability]
[    0.184987] acpi PNP0A03:00: _OSC: platform willing to grant [PCIeHotplug PME AER]
[    0.185943] acpi PNP0A03:00: _OSC failed (AE_SUPPORT); disabling ASPM
[    0.187093] PCI host bridge to bus 0000:00
[    0.188015] pci_bus 0000:00: root bus resource [io  0x0000-0x0cf7 window]
[    0.190276] pci_bus 0000:00: root bus resource [io  0x0d00-0xffff window]
[    0.192010] pci_bus 0000:00: root bus resource [mem 0x000a0000-0x000bffff window]
[    0.194556] pci_bus 0000:00: root bus resource [mem 0x80000000-0xfdffffff window]
[    0.196008] pci_bus 0000:00: root bus resource [bus 00-ff]
[    0.203807] pci 0000:00:01.1: legacy IDE quirk: reg 0x10: [io  0x01f0-0x01f7]
[    0.204016] pci 0000:00:01.1: legacy IDE quirk: reg 0x14: [io  0x03f6]
[    0.208009] pci 0000:00:01.1: legacy IDE quirk: reg 0x18: [io  0x0170-0x0177]
[    0.210710] pci 0000:00:01.1: legacy IDE quirk: reg 0x1c: [io  0x0376]
[    0.264255] pci 0000:00:07.0: quirk: [io  0x4000-0x403f] claimed by PIIX4 ACPI
[    0.266934] pci 0000:00:07.0: quirk: [io  0x4100-0x410f] claimed by PIIX4 SMB
[    0.299545] ACPI: PCI Interrupt Link [LNKA] (IRQs 5 9 10 *11)
[    0.300703] ACPI: PCI Interrupt Link [LNKB] (IRQs 5 9 *10 11)
[    0.304303] ACPI: PCI Interrupt Link [LNKC] (IRQs 5 *9 10 11)
[    0.306569] ACPI: PCI Interrupt Link [LNKD] (IRQs 5 9 10 *11)
[    0.308843] SCSI subsystem initialized
[    0.312134] pci 0000:00:02.0: vgaarb: setting as boot VGA device
[    0.314414] pci 0000:00:02.0: vgaarb: VGA device added: decodes=io+mem,owns=io+mem,locks=none
[    0.316012] pci 0000:00:02.0: vgaarb: bridge control possible
[    0.320006] vgaarb: loaded
[    0.321336] ACPI: bus type USB registered
[    0.323034] usbcore: registered new interface driver usbfs
[    0.324025] usbcore: registered new interface driver hub
[    0.326126] usbcore: registered new device driver usb
[    0.328115] EDAC MC: Ver: 3.0.0
[    0.332033] PCI: Using ACPI for IRQ routing
[    0.332990] NetLabel: Initializing
[    0.333542] NetLabel:  domain hash size = 128
[    0.334206] NetLabel:  protocols = UNLABELED CIPSOv4 CALIPSO
[    0.335053] NetLabel:  unlabeled traffic allowed by default
[    0.336175] clocksource: Switched to clocksource kvm-clock
[    0.344913] VFS: Disk quotas dquot_6.6.0
[    0.344913] VFS: Dquot-cache hash table entries: 512 (order 0, 4096 bytes)
[    0.344913] AppArmor: AppArmor Filesystem Enabled
[    0.344913] pnp: PnP ACPI init
[    0.344913] pnp: PnP ACPI: found 3 devices
[    0.383815] clocksource: acpi_pm: mask: 0xffffff max_cycles: 0xffffff, max_idle_ns: 2085701024 ns
[    0.384084] NET: Registered protocol family 2
[    0.384084] IP idents hash table entries: 32768 (order: 6, 262144 bytes)
[    0.386610] TCP established hash table entries: 16384 (order: 5, 131072 bytes)
[    0.387634] TCP bind hash table entries: 16384 (order: 6, 262144 bytes)
[    0.389625] TCP: Hash tables configured (established 16384 bind 16384)
[    0.390453] UDP hash table entries: 1024 (order: 3, 32768 bytes)
[    0.391184] UDP-Lite hash table entries: 1024 (order: 3, 32768 bytes)
[    0.391984] NET: Registered protocol family 1
[    0.392441] pci 0000:00:00.0: Limiting direct PCI/PCI transfers
[    0.392441] pci 0000:00:01.0: Activating ISA DMA hang workarounds
[    0.392441] pci 0000:00:02.0: Video device with shadowed ROM at [mem 0x000c0000-0x000dffff]
[    0.392441] Unpacking initramfs...
[    0.628015] Freeing initrd memory: 20400K
[    0.628015] clocksource: tsc: mask: 0xffffffffffffffff max_cycles: 0x21174f92534, max_idle_ns: 440795238759 ns
[    0.628015] platform rtc_cmos: registered platform RTC device (no PNP device found)
[    0.628015] Scanning for low memory corruption every 60 seconds
[    0.701058] Initialise system trusted keyrings
[    0.702642] Key type blacklist registered
[    0.704924] workingset: timestamp_bits=36 max_order=19 bucket_order=0
[    0.708687] zbud: loaded
[    0.710939] squashfs: version 4.0 (2009/01/31) Phillip Lougher
[    0.713755] fuse init (API version 7.26)
[    0.725372] Key type asymmetric registered
[    0.726973] Asymmetric key parser 'x509' registered
[    0.728914] Block layer SCSI generic (bsg) driver version 0.4 loaded (major 246)
[    0.731890] io scheduler noop registered
[    0.733406] io scheduler deadline registered
[    0.734918] io scheduler cfq registered (default)
[    0.737079] ACPI: AC Adapter [AC] (off-line)
[    0.738698] input: Power Button as /devices/LNXSYSTM:00/LNXPWRBN:00/input/input0
[    0.741550] ACPI: Power Button [PWRF]
[    0.742993] input: Sleep Button as /devices/LNXSYSTM:00/LNXSLPBN:00/input/input1
[    0.745507] ACPI: Sleep Button [SLPF]
[    0.747477] Serial: 8250/16550 driver, 32 ports, IRQ sharing enabled
[    0.749070] ACPI: Battery Slot [BAT0] (battery present)
[    0.772615] 00:02: ttyS0 at I/O 0x3f8 (irq = 4, base_baud = 115200) is a 16550A
[    0.783848] Linux agpgart interface v0.103
[    0.788654] loop: module loaded
[    0.790967] scsi host0: ata_piix
[    0.792361] scsi host1: ata_piix
[    0.792802] ata1: PATA max UDMA/33 cmd 0x1f0 ctl 0x3f6 bmdma 0xd000 irq 14
[    0.793566] ata2: PATA max UDMA/33 cmd 0x170 ctl 0x376 bmdma 0xd008 irq 15
[    0.794436] tun: Universal TUN/TAP device driver, 1.6
[    0.795078] PPP generic driver version 2.4.2
[    0.795686] ehci_hcd: USB 2.0 'Enhanced' Host Controller (EHCI) Driver
[    0.796428] ehci-pci: EHCI PCI platform driver
[    0.796967] ehci-platform: EHCI generic platform driver
[    0.797565] ohci_hcd: USB 1.1 'Open' Host Controller (OHCI) Driver
[    0.798252] ohci-pci: OHCI PCI platform driver
[    0.798773] ohci-platform: OHCI generic platform driver
[    0.799369] uhci_hcd: USB Universal Host Controller Interface driver
[    0.800117] i8042: PNP: PS/2 Controller [PNP0303:PS2K,PNP0f03:PS2M] at 0x60,0x64 irq 1,12
[    0.801462] serio: i8042 KBD port at 0x60,0x64 irq 1
[    0.802073] serio: i8042 AUX port at 0x60,0x64 irq 12
[    0.803072] mousedev: PS/2 mouse device common for all mice
[    0.804231] input: AT Translated Set 2 keyboard as /devices/platform/i8042/serio0/input/input2
[    0.805701] rtc_cmos rtc_cmos: rtc core: registered rtc_cmos as rtc0
[    0.806465] rtc_cmos rtc_cmos: alarms up to one day, 114 bytes nvram
[    0.807177] i2c /dev entries driver
[    0.807653] device-mapper: uevent: version 1.0.3
[    0.808309] device-mapper: ioctl: 4.37.0-ioctl (2017-09-20) initialised: dm-devel@redhat.com
[    0.809334] ledtrig-cpu: registered to indicate activity on CPUs
[    0.810499] NET: Registered protocol family 10
[    0.816568] Segment Routing with IPv6
[    0.817152] NET: Registered protocol family 17
[    0.817891] Key type dns_resolver registered
[    0.819512] mce: Using 0 MCE banks
[    0.820861] RAS: Correctable Errors collector initialized.
[    0.822802] sched_clock: Marking stable (820777792, 0)->(961140203, -140362411)
[    0.826040] registered taskstats version 1
[    0.827499] Loading compiled-in X.509 certificates
[    0.844390] Loaded X.509 cert 'Build time autogenerated kernel key: ea99b1e66d5186ff77dcfb46de385e3fbd0a569c'
[    0.849667] Loaded X.509 cert 'Canonical Ltd. Live Patch Signing: 14df34d1a87cf37625abec039ef2bf521249b969'
[    0.854292] Loaded X.509 cert 'Canonical Ltd. Kernel Module Signing: 88f752e560a1e0737e31163a466ad7b70a850c19'
[    0.857813] blacklist: Loading compiled-in revocation X.509 certificates
[    0.860099] Loaded X.509 cert 'Canonical Ltd. Secure Boot Signing: 61482aa2830d0ab2ad5af10b7250da9033ddcef0'
[    0.863392] zswap: loaded using pool lzo/zbud
[    0.872518] Key type big_key registered
[    0.873876] Key type trusted registered
[    0.878376] Key type encrypted registered
[    0.879730] AppArmor: AppArmor sha1 policy hashing enabled
[    0.881639] ima: No TPM chip found, activating TPM-bypass! (rc=-19)
[    0.883621] ima: Allocated hash algorithm: sha1
[    0.885177] evm: HMAC attrs: 0x1
[    0.886881]   Magic number: 2:478:436
[    0.889036] rtc_cmos rtc_cmos: setting system clock to 2022-04-07 15:25:58 UTC (1649345158)
[    0.892065] BIOS EDD facility v0.16 2004-Jun-25, 0 devices found
[    0.894039] EDD information not available.
[    1.037506] Freeing unused kernel image memory: 2468K
[    1.048058] Write protecting the kernel read-only data: 20480k
[    1.051095] Freeing unused kernel image memory: 2008K
[    1.054036] Freeing unused kernel image memory: 1820K
[    1.075037] x86/mm: Checked W+X mappings: passed, no W+X pages found.
Loading, please wait...
starting version 237
[    1.189122] e1000: Intel(R) PRO/1000 Network Driver - version 7.3.21-k8-NAPI
[    1.190036] e1000: Copyright (c) 1999-2006 Intel Corporation.
[    1.193265] Fusion MPT base driver 3.04.20
[    1.194016] Copyright (c) 1999-2008 LSI Corporation
[    1.198451] Fusion MPT SPI Host driver 3.04.20
[    1.215268] AVX2 version of gcm_enc/dec engaged.
[    1.215980] AES CTR mode by8 optimization enabled
[    1.408043] input: ImExPS/2 Generic Explorer Mouse as /devices/platform/i8042/serio1/input/input4
[    1.568379] e1000 0000:00:03.0 eth0: (PCI:33MHz:32-bit) 02:3c:f7:6e:ce:46
[    1.570606] e1000 0000:00:03.0 eth0: Intel(R) PRO/1000 Network Connection
[    1.575260] mptbase: ioc0: Initiating bringup
[    2.125051] ioc0: LSI53C1030 A0: Capabilities={Initiator}
[    2.368170] scsi host2: ioc0: LSI53C1030 A0, FwRev=00000000h, Ports=1, MaxQ=256, IRQ=20
[    3.592351] scsi 2:0:0:0: Direct-Access     VBOX     HARDDISK         1.0  PQ: 0 ANSI: 5
[    3.632238] scsi target2:0:0: Beginning Domain Validation
[    3.636317] scsi target2:0:0: Domain Validation skipping write tests
[    3.638668] scsi target2:0:0: Ending Domain Validation
[    3.640581] scsi target2:0:0: asynchronous
[    3.642903] scsi 2:0:1:0: Direct-Access     VBOX     HARDDISK         1.0  PQ: 0 ANSI: 5
[    3.920364] scsi target2:0:1: Beginning Domain Validation
[    3.923647] random: fast init done
[    3.924242] scsi target2:0:1: Domain Validation skipping write tests
[    3.925018] scsi target2:0:1: Ending Domain Validation
[    3.925733] scsi target2:0:1: asynchronous
[    3.930718] random: systemd-udevd: uninitialized urandom read (16 bytes read)
[    3.930809] sd 2:0:0:0: Attached scsi generic sg0 type 0
[    3.932949] random: systemd-udevd: uninitialized urandom read (16 bytes read)
[    3.933735] sd 2:0:0:0: [sda] 83886080 512-byte logical blocks: (42.9 GB/40.0 GiB)
[    3.935710] random: systemd-udevd: uninitialized urandom read (16 bytes read)
[    3.936874] sd 2:0:0:0: [sda] Write Protect is off
[    3.939711] sd 2:0:0:0: [sda] Incomplete mode parameter data
[    3.940140] sd 2:0:1:0: Attached scsi generic sg1 type 0
[    3.940434] sd 2:0:0:0: [sda] Assuming drive cache: write through
[    3.942980] sd 2:0:1:0: [sdb] 20480 512-byte logical blocks: (10.5 MB/10.0 MiB)
[    3.945479] sd 2:0:1:0: [sdb] Write Protect is off
[    3.947449] sd 2:0:1:0: [sdb] Incomplete mode parameter data
[    3.947688]  sda: sda1
[    3.949549] sd 2:0:1:0: [sdb] Assuming drive cache: write through
[    3.954181] sd 2:0:0:0: [sda] Attached SCSI disk
[    3.959712] sd 2:0:1:0: [sdb] Attached SCSI disk
[    3.961788] e1000 0000:00:08.0 eth1: (PCI:33MHz:32-bit) 08:00:27:4a:4f:dd
[    3.962580] e1000 0000:00:08.0 eth1: Intel(R) PRO/1000 Network Connection
[    3.964536] e1000 0000:00:03.0 enp0s3: renamed from eth0
[    3.980506] e1000 0000:00:08.0 enp0s8: renamed from eth1
Begin: Loading essential drivers ... [    6.112312] raid6: sse2x1   gen()  7855 MB/s
[    6.160317] raid6: sse2x1   xor()  7360 MB/s
[    6.208319] raid6: sse2x2   gen() 15635 MB/s
[    6.256352] raid6: sse2x2   xor()  9923 MB/s
[    6.304265] raid6: sse2x4   gen() 16082 MB/s
[    6.352353] raid6: sse2x4   xor()  8959 MB/s
[    6.400377] raid6: avx2x1   gen() 17552 MB/s
[    6.448295] raid6: avx2x1   xor() 13427 MB/s
[    6.496328] raid6: avx2x2   gen() 22835 MB/s
[    6.544332] raid6: avx2x2   xor() 14680 MB/s
[    6.592251] raid6: avx2x4   gen() 23275 MB/s
[    6.640289] raid6: avx2x4   xor() 12856 MB/s
[    6.641296] raid6: using algorithm avx2x4 gen() 23275 MB/s
[    6.641986] raid6: .... xor() 12856 MB/s, rmw enabled
[    6.642619] raid6: using avx2x2 recovery algorithm
[    6.645277] xor: automatically using best checksumming function   avx       
[    6.650113] async_tx: api initialized (async)
done.
Begin: Running /scripts/init-premount ... done.
Begin: Mounting root file system ... Begin: Running /scripts/local-top ... done.
Begin: Running /scripts/local-premount ... [    6.732166] Btrfs loaded, crc32c=crc32c-intel
Scanning for Btrfs filesystems
done.
Begin: Will now check root file system ... fsck from util-linux 2.31.1
[/sbin/fsck.ext4 (1) -- /dev/sda1] fsck.ext4 -a -C0 /dev/sda1 
cloudimg-rootfs: clean, 130074/5120000 files, 1163900/10485499 blocks
done.
[    6.966749] EXT4-fs (sda1): mounted filesystem with ordered data mode. Opts: (null)
done.
Begin: Running /scripts/local-bottom ... done.
Begin: Running /scripts/init-bottom ... done.
[    8.383812] random: crng init done
[    8.385205] random: 7 urandom warning(s) missed due to ratelimiting
[    8.762874] ip_tables: (C) 2000-2006 Netfilter Core Team
[    9.131802] systemd[1]: systemd 237 running in system mode. (+PAM +AUDIT +SELINUX +IMA +APPARMOR +SMACK +SYSVINIT +UTMP +LIBCRYPTSETUP +GCRYPT +GNUTLS +ACL +XZ +LZ4 +SECCOMP +BLKID +ELFUTILS +KMOD -IDN2 +IDN -PCRE2 default-hierarchy=hybrid)
[    9.138465] systemd[1]: Detected virtualization oracle.
[    9.140163] systemd[1]: Detected architecture x86-64.

Welcome to [1mUbuntu 18.04.6 LTS[0m!

[    9.195459] systemd[1]: Set hostname to <ubuntu-bionic>.
[   12.531634] systemd[1]: Created slice System Slice.
[[0;32m  OK  [0m] Created slice System Slice.
[   12.534721] systemd[1]: Listening on LVM2 metadata daemon socket.
[[0;32m  OK  [0m] Listening on LVM2 metadata daemon socket.
[   12.538596] systemd[1]: Started Forward Password Requests to Wall Directory Watch.
[[0;32m  OK  [0m] Started Forward Password Requests to Wall Directory Watch.
[   12.543087] systemd[1]: Reached target System Time Synchronized.
[[0;32m  OK  [0m] Reached target System Time Synchronized.
[   12.546849] systemd[1]: Listening on fsck to fsckd communication Socket.
[[0;32m  OK  [0m] Listening on fsck to fsckd communication Socket.
[   12.550946] systemd[1]: Listening on udev Kernel Socket.
[[0;32m  OK  [0m] Listening on udev Kernel Socket.
[[0;32m  OK  [0m] Created slice system-serial\x2dgetty.slice.
[[0;32m  OK  [0m] Created slice User and Session Slice.
[[0;32m  OK  [0m] Reached target Slices.
[[0;32m  OK  [0m] Set up automount Arbitrary Executabâ€¦rmats File System Automount Point.
[[0;32m  OK  [0m] Reached target User and Group Name Lookups.
[[0;32m  OK  [0m] Listening on Journal Socket.
         Mounting Huge Pages File System...
         Starting Remount Root and Kernel File Systems...
         Starting Load Kernel Modules...
[[0;32m  OK  [0m] Listening on /dev/initctl Compatibility Named Pipe.
         Starting Uncomplicated firewall...
[   12.605276] EXT4-fs (sda1): re-mounted. Opts: (null)
[[0;32m  OK  [0m] Listening on Journal Socket (/dev/log).
         Mounting Kernel Debug File System...
[[0;32m  OK  [0m] Listening on Device-mapper event daemon FIFOs.
[[0;32m  OK  [0m] Listening on Syslog Socket.
         Starting Monitoring of LVM2 mirrorsâ€¦ng dmeventd or progress polling...
         Starting Set the console keyboard layout...
[[0;32m  OK  [0m] Listening on LVM2 poll daemon socket.
         Mounting POSIX Message Queue File System...
[[0;32m  OK  [0m] Listening on Network Service Netlink Socket.
         Starting Create list of required stâ€¦ce nodes for the current kernel...
[[0;32m  OK  [0m] Reached target Swap.
[[0;32m  OK  [0m] Listening on udev Control Socket.
         Starting udev Coldplug all Devices...
[[0;32m  OK  [0m] Listening on Journal Audit Socket.
         Starting Journal Service...
[[0;32m  OK  [0m] Mounted Huge Pages File System.
[[0;32m  OK  [0m] Started Remount Root and Kernel File Systems.
[[0;32m  OK  [0m] Started Uncomplicated firewall.
[[0;32m  OK  [0m] Mounted Kernel Debug File System.
[[0;32m  OK  [0m] Mounted POSIX Message Queue File System.
         Starting Load/Save Random Seed...
[[0;32m  OK  [0m] Started Create list of required staâ€¦vice nodes for the current kernel.
[[0;32m  OK  [0m] Started LVM2 metadata daemon.
         Starting Create Static Device Nodes in /dev...
[[0;32m  OK  [0m] Started udev Coldplug all Devices.
[   13.075746] Loading iSCSI transport class v2.0-870.
[[0;32m  OK  [0m] Started Journal Service.
         Starting Flush Journal to Persistent Storage...
[[0;32m  OK  [0m] Started Load/Save Random Seed.
[   13.235948] iscsi: registered transport (tcp)
[   13.274895] systemd-journald[419]: Received request to flush runtime journal from PID 1
[[0;32m  OK  [0m] Started Monitoring of LVM2 mirrors,â€¦sing dmeventd or progress polling.
[   13.389538] iscsi: registered transport (iser)
[[0;32m  OK  [0m] Started Load Kernel Modules.
         Mounting FUSE Control File System...
         Mounting Kernel Configuration File System...
         Starting Apply Kernel Variables...
[[0;32m  OK  [0m] Mounted FUSE Control File System.
[[0;32m  OK  [0m] Mounted Kernel Configuration File System.
[[0;32m  OK  [0m] Started Apply Kernel Variables.
[[0;32m  OK  [0m] Started Create Static Device Nodes in /dev.
         Starting udev Kernel Device Manager...
[[0;32m  OK  [0m] Started udev Kernel Device Manager.
[[0;32m  OK  [0m] Found device /dev/ttyS0.
[[0;32m  OK  [0m] Listening on Load/Save RF Kill Switch Status /dev/rfkill Watch.
[[0m[0;31m*     [0m] (1 of 2) A start job is running forâ€¦le keyboard layout (7s / no limit)[K[[0;1;31m*[0m[0;31m*    [0m] (1 of 2) A start job is running forâ€¦le keyboard layout (8s / no limit)[K[[0;32m  OK  [0m] Started Set the console keyboard layout.
[[0;32m  OK  [0m] Started Dispatch Password Requests to Console Directory Watch.
[[0;32m  OK  [0m] Reached target Local Encrypted Volumes.
[[0;32m  OK  [0m] Reached target Local File Systems (Pre).
         Mounting Mount unit for snapd, revision 14978...
[[0;32m  OK  [0m] Reached target Local File Systems.
         Starting AppArmor initialization...
         Starting ebtables ruleset management...
         Starting Tell Plymouth To Write Out Runtime Data...
         Starting Set console font and keymap...
         Mounting Mount unit for core18, revision 2344...
         Mounting Mount unit for bare, revision 5...
         Mounting Mount unit for snapd, revision 15177...
         Mounting Mount unit for gnome-3-28-1804, revision 161...
         Mounting Mount unit for gtk-common-themes, revision 1519...
         Mounting Mount unit for core18, revision 2284...
[[0;32m  OK  [0m] Started Tell Plymouth To Write Out Runtime Data.
[[0;32m  OK  [0m] Started Set console font and keymap.
[[0;32m  OK  [0m] Mounted Mount unit for gtk-common-themes, revision 1519.
[[0;32m  OK  [0m] Mounted Mount unit for snapd, revision 14978.
[[0;32m  OK  [0m] Mounted Mount unit for core18, revision 2344.
[[0;32m  OK  [0m] Mounted Mount unit for bare, revision 5.
[[0;32m  OK  [0m] Mounted Mount unit for snapd, revision 15177.
[[0;32m  OK  [0m] Mounted Mount unit for gnome-3-28-1804, revision 161.
[[0;32m  OK  [0m] Mounted Mount unit for core18, revision 2284.
[[0;32m  OK  [0m] Started ebtables ruleset management.
[[0;32m  OK  [0m] Started Flush Journal to Persistent Storage.
         Starting Create Volatile Files and Directories...
[[0;32m  OK  [0m] Started AppArmor initialization.
         Starting Load AppArmor profiles managed internally by snapd...
[[0;32m  OK  [0m] Started Load AppArmor profiles managed internally by snapd.
[[0;32m  OK  [0m] Started Create Volatile Files and Directories.
         Starting Initial cloud-init job (pre-networking)...
         Starting Update UTMP about System Boot/Shutdown...
[[0;32m  OK  [0m] Started Update UTMP about System Boot/Shutdown.
[   33.114160] cloud-init[765]: Cloud-init v. 21.4-0ubuntu1~18.04.1 running 'init-local' at Thu, 07 Apr 2022 15:26:30 +0000. Up 32.40 seconds.
[[0;32m  OK  [0m] Started Initial cloud-init job (pre-networking).
[[0;32m  OK  [0m] Reached target Network (Pre).
         Starting Network Service...
[[0;32m  OK  [0m] Started Network Service.
         Starting Network Name Resolution...
         Starting Wait for Network to be Configured...
[[0;32m  OK  [0m] Started Network Name Resolution.
[[0;32m  OK  [0m] Reached target Network.
[[0;32m  OK  [0m] Reached target Host and Network Name Lookups.
[[0;32m  OK  [0m] Started Wait for Network to be Configured.
         Starting Initial cloud-init job (metadata service crawler)...
[   35.603571] cloud-init[887]: Cloud-init v. 21.4-0ubuntu1~18.04.1 running 'init' at Thu, 07 Apr 2022 15:26:32 +0000. Up 35.30 seconds.
[   35.606457] cloud-init[887]: ci-info: ++++++++++++++++++++++++++++++++++++++Net device info+++++++++++++++++++++++++++++++++++++++
[   35.607345] cloud-init[887]: ci-info: +--------+------+-----------------------------+---------------+--------+-------------------+
[   35.608030] cloud-init[887]: ci-info: | Device |  Up  |           Address           |      Mask     | Scope  |     Hw-Address    |
[   35.608841] cloud-init[887]: ci-info: +--------+------+-----------------------------+---------------+--------+-------------------+
[   35.609546] cloud-init[887]: ci-info: | enp0s3 | True |          10.0.2.15          | 255.255.255.0 | global | 02:3c:f7:6e:ce:46 |
[   35.610296] cloud-init[887]: ci-info: | enp0s3 | True |  fe80::3c:f7ff:fe6e:ce46/64 |       .       |  link  | 02:3c:f7:6e:ce:46 |
[   35.611723] cloud-init[887]: ci-info: | enp0s8 | True |         10.3.202.162        |  255.255.0.0  | global | 08:00:27:4a:4f:dd |
[   35.612530] cloud-init[887]: ci-info: | enp0s8 | True | fe80::a00:27ff:fe4a:4fdd/64 |       .       |  link  | 08:00:27:4a:4f:dd |
[   35.613268] cloud-init[887]: ci-info: |   lo   | True |          127.0.0.1          |   255.0.0.0   |  host  |         .         |
[   35.614016] cloud-init[887]: ci-info: |   lo   | True |           ::1/128           |       .       |  host  |         .         |
[   35.614718] cloud-init[887]: ci-info: +--------+------+-----------------------------+---------------+--------+-------------------+
[   35.615448] cloud-init[887]: ci-info: ++++++++++++++++++++++++++++Route IPv4 info+++++++++++++++++++++++++++++
[   35.616185] cloud-init[887]: ci-info: +-------+-------------+----------+-----------------+-----------+-------+
[   35.616857] cloud-init[887]: ci-info: | Route | Destination | Gateway  |     Genmask     | Interface | Flags |
[   35.617504] cloud-init[887]: ci-info: +-------+-------------+----------+-----------------+-----------+-------+
[   35.618136] cloud-init[887]: ci-info: |   0   |   0.0.0.0   | 10.0.2.2 |     0.0.0.0     |   enp0s3  |   UG  |
[   35.618787] cloud-init[887]: ci-info: |   1   |   0.0.0.0   | 10.3.0.1 |     0.0.0.0     |   enp0s8  |   UG  |
[   35.628305] cloud-init[887]: ci-info: |   2   |   10.0.2.0  | 0.0.0.0  |  255.255.255.0  |   enp0s3  |   U   |
[   35.630770] cloud-init[887]: ci-info: |   3   |   10.0.2.2  | 0.0.0.0  | 255.255.255.255 |   enp0s3  |   UH  |
[   35.633519] cloud-init[887]: ci-info: |   4   |   10.3.0.0  | 0.0.0.0  |   255.255.0.0   |   enp0s8  |   U   |
[   35.654171] cloud-init[887]: ci-info: |   5   |   10.3.0.1  | 0.0.0.0  | 255.255.255.255 |   enp0s8  |   UH  |
[   35.657214] cloud-init[887]: ci-info: +-------+-------------+----------+-----------------+-----------+-------+
[   35.659864] cloud-init[887]: ci-info: +++++++++++++++++++Route IPv6 info+++++++++++++++++++
[   35.662101] cloud-init[887]: ci-info: +-------+-------------+---------+-----------+-------+
[   35.664447] cloud-init[887]: ci-info: | Route | Destination | Gateway | Interface | Flags |
[   35.666560] cloud-init[887]: ci-info: +-------+-------------+---------+-----------+-------+
[   35.668969] cloud-init[887]: ci-info: |   1   |  fe80::/64  |    ::   |   enp0s8  |   U   |
[   35.672331] cloud-init[887]: ci-info: |   2   |  fe80::/64  |    ::   |   enp0s3  |   U   |
[   35.674860] cloud-init[887]: ci-info: |   4   |    local    |    ::   |   enp0s3  |   U   |
[   35.677323] cloud-init[887]: ci-info: |   5   |    local    |    ::   |   enp0s8  |   U   |
[   35.679602] cloud-init[887]: ci-info: |   6   |   ff00::/8  |    ::   |   enp0s8  |   U   |
[   35.682215] cloud-init[887]: ci-info: |   7   |   ff00::/8  |    ::   |   enp0s3  |   U   |
[   35.684814] cloud-init[887]: ci-info: +-------+-------------+---------+-----------+-------+
[[0;32m  OK  [0m] Started Initial cloud-init job (metadata service crawler).
[[0;32m  OK  [0m] Reached target Cloud-config availability.
[[0;32m  OK  [0m] Reached target System Initialization.
         Starting LXD - unix socket.
[[0;32m  OK  [0m] Listening on cloud-init hotplug hook socket.
[[0;32m  OK  [0m] Listening on ACPID Listen Socket.
[[0;32m  OK  [0m] Started Ubuntu Advantage Timer for running repeated jobs.
[[0;32m  OK  [0m] Listening on D-Bus System Message Bus Socket.
[[0;32m  OK  [0m] Listening on Open-iSCSI iscsid Socket.
         Starting Socket activation for snappy daemon.
[[0;32m  OK  [0m] Started Daily Cleanup of Temporary Directories.
[[0;32m  OK  [0m] Started ACPI Events Check.
[[0;32m  OK  [0m] Started Trigger to poll for Ubuntu â€¦(Only enabled on GCP LTS non-pro).
[[0;32m  OK  [0m] Reached target Paths.
[[0;32m  OK  [0m] Started Discard unused blocks once a week.
[[0;32m  OK  [0m] Listening on UUID daemon activation socket.
[[0;32m  OK  [0m] Started Daily apt download activities.
[[0;32m  OK  [0m] Started Daily apt upgrade and clean activities.
[[0;32m  OK  [0m] Started Message of the Day.
[[0;32m  OK  [0m] Reached target Timers.
[[0;32m  OK  [0m] Reached target Network is Online.
         Starting Availability of block devices...
[[0;32m  OK  [0m] Reached target Remote File Systems (Pre).
         Mounting /vagrant...
[[0;32m  OK  [0m] Listening on LXD - unix socket.
[[0;32m  OK  [0m] Listening on Socket activation for snappy daemon.
[[0;32m  OK  [0m] Reached target Sockets.
[[0;32m  OK  [0m] Reached target Basic System.
         Starting Virtualbox guest utils...
         Starting System Logging Service...
[[0;32m  OK  [0m] Started Deferred execution scheduler.
         Starting Login Service...
         Starting Disk Manager...
         Starting Asterisk PBX...
         Starting LSB: Record successful boot for GRUB...
         Starting Accounts Service...
[[0;32m  OK  [0m] Started irqbalance daemon.
         Starting Message of the Day...
[[0;32m  OK  [0m] Started D-Bus System Message Bus.
[[0;32m  OK  [0m] Started Login Service.
[[0;32m  OK  [0m] Started Unattended Upgrades Shutdown.
         Starting LXD - container startup/shutdown...
[[0;32m  OK  [0m] Started Regular background program processing daemon.
         Starting Snap Daemon...
         Starting Dispatcher daemon for systemd-networkd...
         Starting OpenBSD Secure Shell server...
[[0;32m  OK  [0m] Started FUSE filesystem for LXC.
[[0;32m  OK  [0m] Started System Logging Service.
[[0;32m  OK  [0m] Started Availability of block devices.
[[0;32m  OK  [0m] Mounted /vagrant.
[[0;32m  OK  [0m] Reached target Remote File Systems.
         Starting LSB: automatic crash report generation...
         Starting Permit User Sessions...
[[0;32m  OK  [0m] Started Permit User Sessions.
         Starting Terminate Plymouth Boot Screen...
         Starting Hold until boot process finishes up...
[[0;32m  OK  [0m] Started Hold until boot process finishes up.
         Starting Set console scheme...
[[0;32m  OK  [0m] Started Serial Getty on ttyS0.
[[0;32m  OK  [0m] Started Terminate Plymouth Boot Screen.
[[0;32m  OK  [0m] Started Set console scheme.
[[0;32m  OK  [0m] Created slice system-getty.slice.
[[0;32m  OK  [0m] Started Getty on tty1.
[[0;32m  OK  [0m] Reached target Login Prompts.
[[0;32m  OK  [0m] Started LSB: automatic crash report generation.
[[0;32m  OK  [0m] Started LSB: Record successful boot for GRUB.
         Starting Authorization Manager...
[[0;32m  OK  [0m] Started Virtualbox guest utils.
[[0;32m  OK  [0m] Started OpenBSD Secure Shell server.
[[0;32m  OK  [0m] Started Authorization Manager.
[[0;32m  OK  [0m] Started Accounts Service.
[[0;32m  OK  [0m] Started Dispatcher daemon for systemd-networkd.
[[0;32m  OK  [0m] Started Disk Manager.
[[0;32m  OK  [0m] Started Message of the Day.
[[0;32m  OK  [0m] Started LXD - container startup/shutdown.

Ubuntu 18.04.6 LTS ubuntu-bionic ttyS0

ubuntu-bionic login: [   48.220469] cloud-init[1571]: Cloud-init v. 21.4-0ubuntu1~18.04.1 running 'modules:config' at Thu, 07 Apr 2022 15:26:45 +0000. Up 48.04 seconds.
[   54.289357] cloud-init[1745]: Cloud-init v. 21.4-0ubuntu1~18.04.1 running 'modules:final' at Thu, 07 Apr 2022 15:26:51 +0000. Up 53.97 seconds.
[   54.293190] cloud-init[1745]: Cloud-init v. 21.4-0ubuntu1~18.04.1 finished at Thu, 07 Apr 2022 15:26:51 +0000. Datasource DataSourceNoCloud [seed=/dev/sdb][dsmode=net].  Up 54.27 seconds
