[    0.000000] Linux version 4.15.0-169-generic (buildd@lcy02-amd64-015) (gcc version 7.5.0 (Ubuntu 7.5.0-3ubuntu1~18.04)) #177-Ubuntu SMP Thu Feb 3 10:50:38 UTC 2022 (Ubuntu 4.15.0-169.177-generic 4.15.18)
[    0.000000] Command line: BOOT_IMAGE=/boot/vmlinuz-4.15.0-169-generic root=LABEL=cloudimg-rootfs ro console=tty1 console=ttyS0
[    0.000000] KERNEL supported cpus:
[    0.000000]   Intel GenuineIntel
[    0.000000]   AMD AuthenticAMD
[    0.000000]   Centaur CentaurHauls
[    0.000000] [Firmware Bug]: TSC doesn't count with P0 frequency!
[    0.000000] x86/fpu: Supporting XSAVE feature 0x001: 'x87 floating point registers'
[    0.000000] x86/fpu: Supporting XSAVE feature 0x002: 'SSE registers'
[    0.000000] x86/fpu: Supporting XSAVE feature 0x004: 'AVX registers'
[    0.000000] x86/fpu: xstate_offset[2]:  576, xstate_sizes[2]:  256
[    0.000000] x86/fpu: Enabled xstate features 0x7, context size is 832 bytes, using 'standard' format.
[    0.000000] e820: BIOS-provided physical RAM map:
[    0.000000] BIOS-e820: [mem 0x0000000000000000-0x000000000009fbff] usable
[    0.000000] BIOS-e820: [mem 0x000000000009fc00-0x000000000009ffff] reserved
[    0.000000] BIOS-e820: [mem 0x00000000000f0000-0x00000000000fffff] reserved
[    0.000000] BIOS-e820: [mem 0x0000000000100000-0x000000007ffeffff] usable
[    0.000000] BIOS-e820: [mem 0x000000007fff0000-0x000000007fffffff] ACPI data
[    0.000000] BIOS-e820: [mem 0x00000000fec00000-0x00000000fec00fff] reserved
[    0.000000] BIOS-e820: [mem 0x00000000fee00000-0x00000000fee00fff] reserved
[    0.000000] BIOS-e820: [mem 0x00000000fffc0000-0x00000000ffffffff] reserved
[    0.000000] NX (Execute Disable) protection: active
[    0.000000] SMBIOS 2.5 present.
[    0.000000] DMI: innotek GmbH VirtualBox/VirtualBox, BIOS VirtualBox 12/01/2006
[    0.000000] Hypervisor detected: KVM
[    0.000000] e820: last_pfn = 0x7fff0 max_arch_pfn = 0x400000000
[    0.000000] MTRR: Disabled
[    0.000000] x86/PAT: MTRRs disabled, skipping PAT initialization too.
[    0.000000] CPU MTRRs all blank - virtualized system.
[    0.000000] x86/PAT: Configuration [0-7]: WB  WT  UC- UC  WB  WT  UC- UC  
[    0.000000] found SMP MP-table at [mem 0x0009fff0-0x0009ffff]
[    0.000000] Scanning 1 areas for low memory corruption
[    0.000000] RAMDISK: [mem 0x359cb000-0x36cdcfff]
[    0.000000] ACPI: Early table checksum verification disabled
[    0.000000] ACPI: RSDP 0x00000000000E0000 000024 (v02 VBOX  )
[    0.000000] ACPI: XSDT 0x000000007FFF0030 00003C (v01 VBOX   VBOXXSDT 00000001 ASL  00000061)
[    0.000000] ACPI: FACP 0x000000007FFF00F0 0000F4 (v04 VBOX   VBOXFACP 00000001 ASL  00000061)
[    0.000000] ACPI: DSDT 0x000000007FFF0470 002325 (v02 VBOX   VBOXBIOS 00000002 INTL 20100528)
[    0.000000] ACPI: FACS 0x000000007FFF0200 000040
[    0.000000] ACPI: FACS 0x000000007FFF0200 000040
[    0.000000] ACPI: APIC 0x000000007FFF0240 00005C (v02 VBOX   VBOXAPIC 00000001 ASL  00000061)
[    0.000000] ACPI: SSDT 0x000000007FFF02A0 0001CC (v01 VBOX   VBOXCPUT 00000002 INTL 20100528)
[    0.000000] ACPI: Reserving FACP table memory at [mem 0x7fff00f0-0x7fff01e3]
[    0.000000] ACPI: Reserving DSDT table memory at [mem 0x7fff0470-0x7fff2794]
[    0.000000] ACPI: Reserving FACS table memory at [mem 0x7fff0200-0x7fff023f]
[    0.000000] ACPI: Reserving FACS table memory at [mem 0x7fff0200-0x7fff023f]
[    0.000000] ACPI: Reserving APIC table memory at [mem 0x7fff0240-0x7fff029b]
[    0.000000] ACPI: Reserving SSDT table memory at [mem 0x7fff02a0-0x7fff046b]
[    0.000000] No NUMA configuration found
[    0.000000] Faking a node at [mem 0x0000000000000000-0x000000007ffeffff]
[    0.000000] NODE_DATA(0) allocated [mem 0x7ffc5000-0x7ffeffff]
[    0.000000] kvm-clock: cpu 0, msr 0:7ff44001, primary cpu clock
[    0.000000] kvm-clock: Using msrs 4b564d01 and 4b564d00
[    0.000000] kvm-clock: using sched offset of 3778394782 cycles
[    0.000000] clocksource: kvm-clock: mask: 0xffffffffffffffff max_cycles: 0x1cd42e4dffb, max_idle_ns: 881590591483 ns
[    0.000000] Zone ranges:
[    0.000000]   DMA      [mem 0x0000000000001000-0x0000000000ffffff]
[    0.000000]   DMA32    [mem 0x0000000001000000-0x000000007ffeffff]
[    0.000000]   Normal   empty
[    0.000000]   Device   empty
[    0.000000] Movable zone start for each node
[    0.000000] Early memory node ranges
[    0.000000]   node   0: [mem 0x0000000000001000-0x000000000009efff]
[    0.000000]   node   0: [mem 0x0000000000100000-0x000000007ffeffff]
[    0.000000] Reserved but unavailable: 104 pages
[    0.000000] Initmem setup node 0 [mem 0x0000000000001000-0x000000007ffeffff]
[    0.000000] ACPI: PM-Timer IO Port: 0x4008
[    0.000000] IOAPIC[0]: apic_id 2, version 32, address 0xfec00000, GSI 0-23
[    0.000000] ACPI: INT_SRC_OVR (bus 0 bus_irq 0 global_irq 2 dfl dfl)
[    0.000000] ACPI: INT_SRC_OVR (bus 0 bus_irq 9 global_irq 9 low level)
[    0.000000] Using ACPI (MADT) for SMP configuration information
[    0.000000] smpboot: Allowing 2 CPUs, 0 hotplug CPUs
[    0.000000] PM: Registered nosave memory: [mem 0x00000000-0x00000fff]
[    0.000000] PM: Registered nosave memory: [mem 0x0009f000-0x0009ffff]
[    0.000000] PM: Registered nosave memory: [mem 0x000a0000-0x000effff]
[    0.000000] PM: Registered nosave memory: [mem 0x000f0000-0x000fffff]
[    0.000000] e820: [mem 0x80000000-0xfebfffff] available for PCI devices
[    0.000000] Booting paravirtualized kernel on KVM
[    0.000000] clocksource: refined-jiffies: mask: 0xffffffff max_cycles: 0xffffffff, max_idle_ns: 7645519600211568 ns
[    0.000000] random: get_random_bytes called from start_kernel+0x99/0x500 with crng_init=0
[    0.000000] setup_percpu: NR_CPUS:8192 nr_cpumask_bits:2 nr_cpu_ids:2 nr_node_ids:1
[    0.000000] percpu: Embedded 50 pages/cpu s167936 r8192 d28672 u1048576
[    0.000000] PV qspinlock hash table entries: 256 (order: 0, 4096 bytes)
[    0.000000] Built 1 zonelists, mobility grouping on.  Total pages: 515961
[    0.000000] Policy zone: DMA32
[    0.000000] Kernel command line: BOOT_IMAGE=/boot/vmlinuz-4.15.0-169-generic root=LABEL=cloudimg-rootfs ro console=tty1 console=ttyS0
[    0.000000] Memory: 2014832K/2096696K available (12300K kernel code, 2483K rwdata, 4324K rodata, 2476K init, 2724K bss, 81864K reserved, 0K cma-reserved)
[    0.000000] SLUB: HWalign=64, Order=0-3, MinObjects=0, CPUs=2, Nodes=1
[    0.000000] ftrace: allocating 39500 entries in 155 pages
[    0.004000] Hierarchical RCU implementation.
[    0.004000] 	RCU restricting CPUs from NR_CPUS=8192 to nr_cpu_ids=2.
[    0.004000] 	Tasks RCU enabled.
[    0.004000] RCU: Adjusting geometry for rcu_fanout_leaf=16, nr_cpu_ids=2
[    0.004000] NR_IRQS: 524544, nr_irqs: 440, preallocated irqs: 16
[    0.004000] Console: colour VGA+ 80x25
[    0.004000] console [tty1] enabled
[    0.004000] console [ttyS0] enabled
[    0.004000] ACPI: Core revision 20170831
[    0.004000] ACPI: 2 ACPI AML tables successfully acquired and loaded
[    0.004000] APIC: Switch to symmetric I/O mode setup
[    0.004000] x2apic enabled
[    0.004000] Switched APIC routing to physical x2apic.
[    0.004000] ..TIMER: vector=0x30 apic1=0 pin1=2 apic2=-1 pin2=-1
[    0.004000] tsc: Detected 2295.688 MHz processor
[    0.004000] Calibrating delay loop (skipped) preset value.. 4591.37 BogoMIPS (lpj=9182752)
[    0.004000] pid_max: default: 32768 minimum: 301
[    0.004000] Security Framework initialized
[    0.004000] Yama: becoming mindful.
[    0.004000] AppArmor: AppArmor initialized
[    0.004000] Dentry cache hash table entries: 262144 (order: 9, 2097152 bytes)
[    0.004000] Inode-cache hash table entries: 131072 (order: 8, 1048576 bytes)
[    0.004000] Mount-cache hash table entries: 4096 (order: 3, 32768 bytes)
[    0.004000] Mountpoint-cache hash table entries: 4096 (order: 3, 32768 bytes)
[    0.004000] Last level iTLB entries: 4KB 1024, 2MB 1024, 4MB 512
[    0.004005] Last level dTLB entries: 4KB 1536, 2MB 1536, 4MB 768, 1GB 0
[    0.004956] Spectre V1 : Mitigation: usercopy/swapgs barriers and __user pointer sanitization
[    0.006125] Spectre V2 : Spectre mitigation: LFENCE not serializing, switching to generic retpoline
[    0.007285] Spectre V2 : Mitigation: Full generic retpoline
[    0.008004] Spectre V2 : Spectre v2 / SpectreRSB mitigation: Filling RSB on context switch
[    0.009048] Speculative Store Bypass: Mitigation: Speculative Store Bypass disabled via prctl and seccomp
[    0.010434] Freeing SMP alternatives memory: 36K
[    0.128895] APIC calibration not consistent with PM-Timer: 101ms instead of 100ms
[    0.130300] APIC delta adjusted to PM-Timer: 6333757 (6414780)
[    0.131362] smpboot: CPU0: AMD Ryzen 7 3700U with Radeon Vega Mobile Gfx (family: 0x17, model: 0x18, stepping: 0x1)
[    0.132000] Performance Events: PMU not available due to virtualization, using software events only.
[    0.132000] Hierarchical SRCU implementation.
[    0.132355] NMI watchdog: Perf event create on CPU 0 failed with -2
[    0.133365] NMI watchdog: Perf NMI watchdog permanently disabled
[    0.134400] smp: Bringing up secondary CPUs ...
[    0.135252] x86: Booting SMP configuration:
[    0.136004] .... node  #0, CPUs:      #1
[    0.004000] kvm-clock: cpu 1, msr 0:7ff44041, secondary cpu clock
[    0.140027] smp: Brought up 1 node, 2 CPUs
[    0.141368] smpboot: Max logical packages: 1
[    0.142420] smpboot: Total of 2 processors activated (9182.75 BogoMIPS)
[    0.144236] devtmpfs: initialized
[    0.144817] x86/mm: Memory block size: 128MB
[    0.145930] evm: security.selinux
[    0.146566] evm: security.SMACK64
[    0.147184] evm: security.SMACK64EXEC
[    0.147774] evm: security.SMACK64TRANSMUTE
[    0.148013] evm: security.SMACK64MMAP
[    0.148545] evm: security.apparmor
[    0.149038] evm: security.ima
[    0.149481] evm: security.capability
[    0.150044] clocksource: jiffies: mask: 0xffffffff max_cycles: 0xffffffff, max_idle_ns: 7645041785100000 ns
[    0.150044] futex hash table entries: 512 (order: 3, 32768 bytes)
[    0.152059] pinctrl core: initialized pinctrl subsystem
[    0.152870] RTC time: 11:58:14, date: 03/07/22
[    0.153997] NET: Registered protocol family 16
[    0.154750] audit: initializing netlink subsys (disabled)
[    0.156051] audit: type=2000 audit(1646654299.600:1): state=initialized audit_enabled=0 res=1
[    0.157560] cpuidle: using governor ladder
[    0.160047] cpuidle: using governor menu
[    0.161277] ACPI: bus type PCI registered
[    0.161277] acpiphp: ACPI Hot Plug PCI Controller Driver version: 0.5
[    0.162027] PCI: Using configuration type 1 for base access
[    0.162793] PCI: Using configuration type 1 for extended access
[    0.164907] HugeTLB registered 2.00 MiB page size, pre-allocated 0 pages
[    0.168101] ACPI: Added _OSI(Module Device)
[    0.168968] ACPI: Added _OSI(Processor Device)
[    0.169805] ACPI: Added _OSI(3.0 _SCP Extensions)
[    0.170498] ACPI: Added _OSI(Processor Aggregator Device)
[    0.171250] ACPI: Added _OSI(Linux-Dell-Video)
[    0.171930] ACPI: Added _OSI(Linux-Lenovo-NV-HDMI-Audio)
[    0.172006] ACPI: Added _OSI(Linux-HPI-Hybrid-Graphics)
[    0.173032] ACPI: Executed 1 blocks of module-level executable AML code
[    0.176398] ACPI: Interpreter enabled
[    0.176985] ACPI: (supports S0 S5)
[    0.177464] ACPI: Using IOAPIC for interrupt routing
[    0.178346] PCI: Using host bridge windows from ACPI; if necessary, use "pci=nocrs" and report a bug
[    0.179657] ACPI: Enabled 2 GPEs in block 00 to 07
[    0.184178] ACPI: PCI Root Bridge [PCI0] (domain 0000 [bus 00-ff])
[    0.185172] acpi PNP0A03:00: _OSC: OS supports [ExtendedConfig ASPM ClockPM Segments MSI]
[    0.187275] acpi PNP0A03:00: _OSC: platform does not support [PCIeCapability]
[    0.188000] acpi PNP0A03:00: _OSC: not requesting control; platform does not support [PCIeCapability]
[    0.188011] acpi PNP0A03:00: _OSC: OS requested [PCIeHotplug PME AER PCIeCapability]
[    0.189117] acpi PNP0A03:00: _OSC: platform willing to grant [PCIeHotplug PME AER]
[    0.190161] acpi PNP0A03:00: _OSC failed (AE_SUPPORT); disabling ASPM
[    0.192411] PCI host bridge to bus 0000:00
[    0.193031] pci_bus 0000:00: root bus resource [io  0x0000-0x0cf7 window]
[    0.193939] pci_bus 0000:00: root bus resource [io  0x0d00-0xffff window]
[    0.194845] pci_bus 0000:00: root bus resource [mem 0x000a0000-0x000bffff window]
[    0.195867] pci_bus 0000:00: root bus resource [mem 0x80000000-0xfdffffff window]
[    0.196004] pci_bus 0000:00: root bus resource [bus 00-ff]
[    0.198616] pci 0000:00:01.1: legacy IDE quirk: reg 0x10: [io  0x01f0-0x01f7]
[    0.199748] pci 0000:00:01.1: legacy IDE quirk: reg 0x14: [io  0x03f6]
[    0.200000] pci 0000:00:01.1: legacy IDE quirk: reg 0x18: [io  0x0170-0x0177]
[    0.200003] pci 0000:00:01.1: legacy IDE quirk: reg 0x1c: [io  0x0376]
[    0.239149] pci 0000:00:07.0: quirk: [io  0x4000-0x403f] claimed by PIIX4 ACPI
[    0.240023] pci 0000:00:07.0: quirk: [io  0x4100-0x410f] claimed by PIIX4 SMB
[    0.253931] ACPI: PCI Interrupt Link [LNKA] (IRQs 5 9 10 *11)
[    0.255086] ACPI: PCI Interrupt Link [LNKB] (IRQs 5 9 *10 11)
[    0.256114] ACPI: PCI Interrupt Link [LNKC] (IRQs 5 *9 10 11)
[    0.257057] ACPI: PCI Interrupt Link [LNKD] (IRQs 5 9 10 *11)
[    0.258217] SCSI subsystem initialized
[    0.258920] pci 0000:00:02.0: vgaarb: setting as boot VGA device
[    0.258920] pci 0000:00:02.0: vgaarb: VGA device added: decodes=io+mem,owns=io+mem,locks=none
[    0.260015] pci 0000:00:02.0: vgaarb: bridge control possible
[    0.260741] vgaarb: loaded
[    0.261173] ACPI: bus type USB registered
[    0.261730] usbcore: registered new interface driver usbfs
[    0.264014] usbcore: registered new interface driver hub
[    0.264858] usbcore: registered new device driver usb
[    0.265721] EDAC MC: Ver: 3.0.0
[    0.268069] PCI: Using ACPI for IRQ routing
[    0.268424] NetLabel: Initializing
[    0.269221] NetLabel:  domain hash size = 128
[    0.270218] NetLabel:  protocols = UNLABELED CIPSOv4 CALIPSO
[    0.272027] NetLabel:  unlabeled traffic allowed by default
[    0.276059] clocksource: Switched to clocksource kvm-clock
[    0.284595] VFS: Disk quotas dquot_6.6.0
[    0.284595] VFS: Dquot-cache hash table entries: 512 (order 0, 4096 bytes)
[    0.284595] AppArmor: AppArmor Filesystem Enabled
[    0.284595] pnp: PnP ACPI init
[    0.284595] pnp: PnP ACPI: found 3 devices
[    0.305736] clocksource: acpi_pm: mask: 0xffffff max_cycles: 0xffffff, max_idle_ns: 2085701024 ns
[    0.307315] NET: Registered protocol family 2
[    0.307992] IP idents hash table entries: 32768 (order: 6, 262144 bytes)
[    0.309234] TCP established hash table entries: 16384 (order: 5, 131072 bytes)
[    0.310723] TCP bind hash table entries: 16384 (order: 6, 262144 bytes)
[    0.312917] TCP: Hash tables configured (established 16384 bind 16384)
[    0.313975] UDP hash table entries: 1024 (order: 3, 32768 bytes)
[    0.314928] UDP-Lite hash table entries: 1024 (order: 3, 32768 bytes)
[    0.315891] NET: Registered protocol family 1
[    0.316568] pci 0000:00:00.0: Limiting direct PCI/PCI transfers
[    0.316867] pci 0000:00:01.0: Activating ISA DMA hang workarounds
[    0.316867] pci 0000:00:02.0: Video device with shadowed ROM at [mem 0x000c0000-0x000dffff]
[    0.316867] Unpacking initramfs...
[    0.316867] Freeing initrd memory: 19528K
[    0.316867] clocksource: tsc: mask: 0xffffffffffffffff max_cycles: 0x21174bd42fa, max_idle_ns: 440795291265 ns
[    0.316867] platform rtc_cmos: registered platform RTC device (no PNP device found)
[    0.316867] Scanning for low memory corruption every 60 seconds
[    0.617574] Initialise system trusted keyrings
[    0.618225] Key type blacklist registered
[    0.618914] workingset: timestamp_bits=36 max_order=19 bucket_order=0
[    0.621941] zbud: loaded
[    0.623049] squashfs: version 4.0 (2009/01/31) Phillip Lougher
[    0.624237] fuse init (API version 7.26)
[    0.629039] Key type asymmetric registered
[    0.629736] Asymmetric key parser 'x509' registered
[    0.630501] Block layer SCSI generic (bsg) driver version 0.4 loaded (major 246)
[    0.631573] io scheduler noop registered
[    0.632928] io scheduler deadline registered
[    0.634265] io scheduler cfq registered (default)
[    0.635819] ACPI: AC Adapter [AC] (on-line)
[    0.636967] input: Power Button as /devices/LNXSYSTM:00/LNXPWRBN:00/input/input0
[    0.638739] ACPI: Power Button [PWRF]
[    0.639693] input: Sleep Button as /devices/LNXSYSTM:00/LNXSLPBN:00/input/input1
[    0.641373] ACPI: Sleep Button [SLPF]
[    0.642517] Serial: 8250/16550 driver, 32 ports, IRQ sharing enabled
[    0.643426] ACPI: Battery Slot [BAT0] (battery present)
[    0.664953] 00:02: ttyS0 at I/O 0x3f8 (irq = 4, base_baud = 115200) is a 16550A
[    0.670245] Linux agpgart interface v0.103
[    0.672847] loop: module loaded
[    0.673987] scsi host0: ata_piix
[    0.675011] scsi host1: ata_piix
[    0.675578] ata1: PATA max UDMA/33 cmd 0x1f0 ctl 0x3f6 bmdma 0xd000 irq 14
[    0.676596] ata2: PATA max UDMA/33 cmd 0x170 ctl 0x376 bmdma 0xd008 irq 15
[    0.677896] libphy: Fixed MDIO Bus: probed
[    0.678554] tun: Universal TUN/TAP device driver, 1.6
[    0.679321] PPP generic driver version 2.4.2
[    0.679977] ehci_hcd: USB 2.0 'Enhanced' Host Controller (EHCI) Driver
[    0.680822] ehci-pci: EHCI PCI platform driver
[    0.681428] ehci-platform: EHCI generic platform driver
[    0.682107] ohci_hcd: USB 1.1 'Open' Host Controller (OHCI) Driver
[    0.682915] ohci-pci: OHCI PCI platform driver
[    0.683722] ohci-platform: OHCI generic platform driver
[    0.684529] uhci_hcd: USB Universal Host Controller Interface driver
[    0.685506] i8042: PNP: PS/2 Controller [PNP0303:PS2K,PNP0f03:PS2M] at 0x60,0x64 irq 1,12
[    0.686982] serio: i8042 KBD port at 0x60,0x64 irq 1
[    0.687705] serio: i8042 AUX port at 0x60,0x64 irq 12
[    0.688695] mousedev: PS/2 mouse device common for all mice
[    0.690262] rtc_cmos rtc_cmos: rtc core: registered rtc_cmos as rtc0
[    0.691157] input: AT Translated Set 2 keyboard as /devices/platform/i8042/serio0/input/input2
[    0.692333] rtc_cmos rtc_cmos: alarms up to one day, 114 bytes nvram
[    0.693424] i2c /dev entries driver
[    0.694042] device-mapper: uevent: version 1.0.3
[    0.694884] device-mapper: ioctl: 4.37.0-ioctl (2017-09-20) initialised: dm-devel@redhat.com
[    0.696045] ledtrig-cpu: registered to indicate activity on CPUs
[    0.697321] NET: Registered protocol family 10
[    0.702826] Segment Routing with IPv6
[    0.703435] NET: Registered protocol family 17
[    0.704166] Key type dns_resolver registered
[    0.705384] mce: Using 0 MCE banks
[    0.706158] RAS: Correctable Errors collector initialized.
[    0.707328] sched_clock: Marking stable (705346640, 0)->(866812840, -161466200)
[    0.709327] registered taskstats version 1
[    0.710160] Loading compiled-in X.509 certificates
[    0.713119] Loaded X.509 cert 'Build time autogenerated kernel key: 0a1d29121daa2b7d2f161393c6dada9f3b0868f3'
[    0.715300] Loaded X.509 cert 'Canonical Ltd. Live Patch Signing: 14df34d1a87cf37625abec039ef2bf521249b969'
[    0.717283] Loaded X.509 cert 'Canonical Ltd. Kernel Module Signing: 88f752e560a1e0737e31163a466ad7b70a850c19'
[    0.718705] blacklist: Loading compiled-in revocation X.509 certificates
[    0.719635] Loaded X.509 cert 'Canonical Ltd. Secure Boot Signing: 61482aa2830d0ab2ad5af10b7250da9033ddcef0'
[    0.721046] zswap: loaded using pool lzo/zbud
[    0.725204] Key type big_key registered
[    0.725941] Key type trusted registered
[    0.728168] Key type encrypted registered
[    0.728793] AppArmor: AppArmor sha1 policy hashing enabled
[    0.729584] ima: No TPM chip found, activating TPM-bypass! (rc=-19)
[    0.730712] ima: Allocated hash algorithm: sha1
[    0.731486] evm: HMAC attrs: 0x1
[    0.732397]   Magic number: 14:115:984
[    0.733293] rtc_cmos rtc_cmos: setting system clock to 2022-03-07 11:58:14 UTC (1646654294)
[    0.734804] BIOS EDD facility v0.16 2004-Jun-25, 0 devices found
[    0.735869] EDD information not available.
[    0.861860] Freeing unused kernel image memory: 2476K
[    1.135347] Write protecting the kernel read-only data: 20480k
[    1.137078] Freeing unused kernel image memory: 2008K
[    1.138218] Freeing unused kernel image memory: 1820K
[    1.147258] x86/mm: Checked W+X mappings: passed, no W+X pages found.
Loading, please wait...
starting version 237
[    1.206962] e1000: Intel(R) PRO/1000 Network Driver - version 7.3.21-k8-NAPI
[    1.207999] e1000: Copyright (c) 1999-2006 Intel Corporation.
[    1.211729] Fusion MPT base driver 3.04.20
[    1.212457] Copyright (c) 1999-2008 LSI Corporation
[    1.229119] AVX2 version of gcm_enc/dec engaged.
[    1.229902] AES CTR mode by8 optimization enabled
[    1.239489] Fusion MPT SPI Host driver 3.04.20
[    1.423881] input: ImExPS/2 Generic Explorer Mouse as /devices/platform/i8042/serio1/input/input4
[    1.581108] e1000 0000:00:03.0 eth0: (PCI:33MHz:32-bit) 02:3c:f7:6e:ce:46
[    1.582274] e1000 0000:00:03.0 eth0: Intel(R) PRO/1000 Network Connection
[    1.584401] e1000 0000:00:03.0 enp0s3: renamed from eth0
[    1.584631] mptbase: ioc0: Initiating bringup
[    1.680689] ioc0: LSI53C1030 A0: Capabilities={Initiator}
[    1.921905] scsi host2: ioc0: LSI53C1030 A0, FwRev=00000000h, Ports=1, MaxQ=256, IRQ=20
[    2.401517] scsi 2:0:0:0: Direct-Access     VBOX     HARDDISK         1.0  PQ: 0 ANSI: 5
[    2.827379] scsi target2:0:0: Beginning Domain Validation
[    2.829147] scsi target2:0:0: Domain Validation skipping write tests
[    2.830159] scsi target2:0:0: Ending Domain Validation
[    2.831583] scsi target2:0:0: asynchronous
[    2.832632] scsi 2:0:1:0: Direct-Access     VBOX     HARDDISK         1.0  PQ: 0 ANSI: 5
[    3.137652] scsi target2:0:1: Beginning Domain Validation
[    3.141426] random: fast init done
[    3.143064] scsi target2:0:1: Domain Validation skipping write tests
[    3.144758] scsi target2:0:1: Ending Domain Validation
[    3.146243] scsi target2:0:1: asynchronous
[    3.153680] random: systemd-udevd: uninitialized urandom read (16 bytes read)
[    3.155159] random: systemd-udevd: uninitialized urandom read (16 bytes read)
[    3.156634] random: systemd-udevd: uninitialized urandom read (16 bytes read)
[    3.157868] sd 2:0:0:0: [sda] 83886080 512-byte logical blocks: (42.9 GB/40.0 GiB)
[    3.158013] sd 2:0:0:0: Attached scsi generic sg0 type 0
[    3.160091] sd 2:0:0:0: [sda] Write Protect is off
[    3.160560] sd 2:0:1:0: Attached scsi generic sg1 type 0
[    3.161832] sd 2:0:0:0: [sda] Incomplete mode parameter data
[    3.161913] sd 2:0:1:0: [sdb] 20480 512-byte logical blocks: (10.5 MB/10.0 MiB)
[    3.162745] sd 2:0:0:0: [sda] Assuming drive cache: write through
[    3.163741] sd 2:0:1:0: [sdb] Write Protect is off
[    3.165452] sd 2:0:1:0: [sdb] Incomplete mode parameter data
[    3.166259] sd 2:0:1:0: [sdb] Assuming drive cache: write through
[    3.168241]  sda: sda1
[    3.169534] sd 2:0:0:0: [sda] Attached SCSI disk
[    3.169760] sd 2:0:1:0: [sdb] Attached SCSI disk
Begin: Loading essential drivers ... [    4.633860] raid6: sse2x1   gen()  7599 MB/s
[    4.681865] raid6: sse2x1   xor()  6186 MB/s
[    4.729868] raid6: sse2x2   gen() 11783 MB/s
[    4.777868] raid6: sse2x2   xor()  7990 MB/s
[    4.825860] raid6: sse2x4   gen() 13651 MB/s
[    4.873858] raid6: sse2x4   xor()  7999 MB/s
[    4.920871] raid6: avx2x1   gen() 13416 MB/s
[    4.968872] raid6: avx2x1   xor() 10794 MB/s
[    5.016436] raid6: avx2x2   gen() 20389 MB/s
[    5.064857] raid6: avx2x2   xor() 13255 MB/s
[    5.113841] raid6: avx2x4   gen() 22313 MB/s
[    5.160858] raid6: avx2x4   xor() 10058 MB/s
[    5.161644] raid6: using algorithm avx2x4 gen() 22313 MB/s
[    5.162613] raid6: .... xor() 10058 MB/s, rmw enabled
[    5.163476] raid6: using avx2x2 recovery algorithm
[    5.166228] xor: automatically using best checksumming function   avx       
[    5.169950] async_tx: api initialized (async)
done.
Begin: Running /scripts/init-premount ... done.
Begin: Mounting root file system ... Begin: Running /scripts/local-top ... done.
Begin: Running /scripts/local-premount ... [    5.216890] Btrfs loaded, crc32c=crc32c-intel
Scanning for Btrfs filesystems
done.
Warning: fsck not present, so skipping root file system
[    5.247215] EXT4-fs (sda1): mounted filesystem with ordered data mode. Opts: (null)
done.
Begin: Running /scripts/local-bottom ... done.
Begin: Running /scripts/init-bottom ... done.
[    5.390164] ip_tables: (C) 2000-2006 Netfilter Core Team
[    5.399917] systemd[1]: systemd 237 running in system mode. (+PAM +AUDIT +SELINUX +IMA +APPARMOR +SMACK +SYSVINIT +UTMP +LIBCRYPTSETUP +GCRYPT +GNUTLS +ACL +XZ +LZ4 +SECCOMP +BLKID +ELFUTILS +KMOD -IDN2 +IDN -PCRE2 default-hierarchy=hybrid)
[    5.403572] systemd[1]: Detected virtualization oracle.
[    5.404511] systemd[1]: Detected architecture x86-64.

Welcome to [1mUbuntu 18.04.6 LTS[0m!

[    5.411077] systemd[1]: Set hostname to <ubuntu>.
[    5.414863] systemd[1]: Initializing machine ID from random generator.
[    5.415878] systemd[1]: Installed transient /etc/machine-id file.
[    5.640166] systemd[1]: Reached target System Time Synchronized.
[[0;32m  OK  [0m] Reached target System Time Synchronized.
[    5.654885] systemd[1]: Set up automount Arbitrary Executable File Formats File System Automount Point.
[[0;32m  OK  [0m] Set up automount Arbitrary Executabâ€¦rmats File System Automount Point.
[    5.671445] systemd[1]: Reached target Swap.
[[0;32m  OK  [0m] Reached target Swap.
[    5.672600] systemd[1]: Started Forward Password Requests to Wall Directory Watch.
[[0;32m  OK  [0m] Started Forward Password Requests to Wall Directory Watch.
[[0;32m  OK  [0m] Created slice User and Session Slice.
[[0;32m  OK  [0m] Created slice System Slice.
[[0;32m  OK  [0m] Listening on Journal Socket (/dev/log).
[[0;32m  OK  [0m] Listening on Network Service Netlink Socket.
[[0;32m  OK  [0m] Reached target Slices.
[[0;32m  OK  [0m] Listening on LVM2 poll daemon socket.
[[0;32m  OK  [0m] Created slice system-serial\x2dgetty.slice.
[[0;32m  OK  [0m] Listening on Journal Socket.
         Mounting Kernel Debug File System...
         Mounting Huge Pages File System...
[[0;32m  OK  [0m] Listening on Device-mapper event daemon FIFOs.
         Mounting POSIX Message Queue File System...
         Starting Load Kernel Modules...
[[0;32m  OK  [0m] Listening on Journal Audit Socket.
         Starting Create list of required stâ€¦ce nodes for the current kernel...
         Starting Set the console keyboard layout...
[[0;32m  OK  [0m] Listening on udev Kernel Socket.
[[0;32m  OK  [0m] Listening on fsck to fsckd communication Socket.
         Starting File System Check on Root Device...
[    5.714026] Loading iSCSI transport class v2.0-870.
[[0;32m  OK  [0m] Listening on /dev/initctl Compatibility Named Pipe.
[[0;32m  OK  [0m] Reached target User and Group Name Lookups.
         Starting Uncomplicated firewall...
[[0;32m  OK  [0m] Listening on udev Control Socket.
         Starting udev Coldplug all Devices...
[[0;32m  OK  [0m] Listening on Syslog Socket.
         Starting Journal Service...
[[0;32m  OK  [0m] Listening on LVM2 metadata daemon socket.
         Starting Monitoring of LVM2 mirrorsâ€¦ng dmeventd or progress polling...
[[0;32m  OK  [0m] Mounted Kernel Debug File System.
[[0;32m  OK  [0m] Mounted Huge Pages File System.
[[0;32m  OK  [0m] Mounted POSIX Message Queue File System.
[    5.732818] iscsi: registered transport (tcp)
[[0;32m  OK  [0m] Started Create list of required staâ€¦vice nodes for the current kernel.
         Starting Create Static Device Nodes in /dev...
[[0;32m  OK  [0m] Started File System Check Daemon to report status.
[[0;32m  OK  [0m] Started Uncomplicated firewall.
[[0;32m  OK  [0m] Started LVM2 metadata daemon.
[[0;32m  OK  [0m] Started udev Coldplug all Devices.
[[0;32m  OK  [0m] Started Journal Service.
[    5.829575] iscsi: registered transport (iser)
[[0;32m  OK  [0m] Started Load Kernel Modules.
         Mounting FUSE Control File System...
         Starting Apply Kernel Variables...
         Mounting Kernel Configuration File System...
[[0;32m  OK  [0m] Started Create Static Device Nodes in /dev.
[[0;32m  OK  [0m] Mounted FUSE Control File System.
[[0;32m  OK  [0m] Started File System Check on Root Device.
[[0;32m  OK  [0m] Mounted Kernel Configuration File System.
         Starting Remount Root and Kernel File Systems...
[[0;32m  OK  [0m] Started Apply Kernel Variables.
[[0;32m  OK  [0m] Started Remount Root and Kernel File Systems.
         Starting Flush Journal to Persistent Storage...
         Starting Load/Save Random Seed...
         Starting udev Kernel Device Manager...
[[0;32m  OK  [0m] Started Monitoring of LVM2 mirrors,â€¦sing dmeventd or progress polling.
[[0;32m  OK  [0m] Started Load/Save Random Seed.
[[0;32m  OK  [0m] Started udev Kernel Device Manager.
[[0;32m  OK  [0m] Started Flush Journal to Persistent Storage.
[[0;32m  OK  [0m] Found device /dev/ttyS0.
[[0;32m  OK  [0m] Listening on Load/Save RF Kill Switch Status /dev/rfkill Watch.
[[0;32m  OK  [0m] Started Set the console keyboard layout.
[[0;32m  OK  [0m] Started Dispatch Password Requests to Console Directory Watch.
[[0;32m  OK  [0m] Reached target Local Encrypted Volumes.
[[0;32m  OK  [0m] Reached target Local File Systems (Pre).
[[0;32m  OK  [0m] Reached target Local File Systems.
         Starting AppArmor initialization...
         Starting Commit a transient machine-id on disk...
         Starting Set console font and keymap...
         Starting Create Volatile Files and Directories...
         Starting ebtables ruleset management...
         Starting Tell Plymouth To Write Out Runtime Data...
[[0;32m  OK  [0m] Started Set console font and keymap.
[[0;32m  OK  [0m] Started Tell Plymouth To Write Out Runtime Data.
[[0;32m  OK  [0m] Started Create Volatile Files and Directories.
         Starting Update UTMP about System Boot/Shutdown...
[[0;32m  OK  [0m] Started Update UTMP about System Boot/Shutdown.
[[0;32m  OK  [0m] Started ebtables ruleset management.
[[0;32m  OK  [0m] Started Commit a transient machine-id on disk.
[[0;32m  OK  [0m] Started AppArmor initialization.
         Starting Load AppArmor profiles managed internally by snapd...
         Starting Initial cloud-init job (pre-networking)...
[[0;32m  OK  [0m] Started Load AppArmor profiles managed internally by snapd.
[    8.461531] cloud-init[655]: Cloud-init v. 21.4-0ubuntu1~18.04.1 running 'init-local' at Mon, 07 Mar 2022 11:58:21 +0000. Up 8.11 seconds.
[[0;32m  OK  [0m] Started Initial cloud-init job (pre-networking).
[[0;32m  OK  [0m] Reached target Network (Pre).
         Starting Network Service...
[[0;32m  OK  [0m] Started Network Service.
         Starting Network Name Resolution...
         Starting Wait for Network to be Configured...
[[0;32m  OK  [0m] Started Network Name Resolution.
[[0;32m  OK  [0m] Reached target Host and Network Name Lookups.
[[0;32m  OK  [0m] Reached target Network.
[[0;32m  OK  [0m] Started Wait for Network to be Configured.
         Starting Initial cloud-init job (metadata service crawler)...
[   11.111083] cloud-init[780]: Cloud-init v. 21.4-0ubuntu1~18.04.1 running 'init' at Mon, 07 Mar 2022 11:58:24 +0000. Up 10.95 seconds.
[   11.112867] cloud-init[780]: ci-info: ++++++++++++++++++++++++++++++++++++++Net device info++++++++++++++++++++++++++++++++++++++
[   11.115089] cloud-init[780]: ci-info: +--------+------+----------------------------+---------------+--------+-------------------+
[   11.117084] cloud-init[780]: ci-info: | Device |  Up  |          Address           |      Mask     | Scope  |     Hw-Address    |
[   11.118943] cloud-init[780]: ci-info: +--------+------+----------------------------+---------------+--------+-------------------+
[   11.120845] cloud-init[780]: ci-info: | enp0s3 | True |         10.0.2.15          | 255.255.255.0 | global | 02:3c:f7:6e:ce:46 |
[   11.122692] cloud-init[780]: ci-info: | enp0s3 | True | fe80::3c:f7ff:fe6e:ce46/64 |       .       |  link  | 02:3c:f7:6e:ce:46 |
[   11.124516] cloud-init[780]: ci-info: |   lo   | True |         127.0.0.1          |   255.0.0.0   |  host  |         .         |
[   11.125711] cloud-init[780]: ci-info: |   lo   | True |          ::1/128           |       .       |  host  |         .         |
[   11.126803] cloud-init[780]: ci-info: +--------+------+----------------------------+---------------+--------+-------------------+
[   11.127848] cloud-init[780]: ci-info: ++++++++++++++++++++++++++++Route IPv4 info+++++++++++++++++++++++++++++
[   11.128568] cloud-init[780]: ci-info: +-------+-------------+----------+-----------------+-----------+-------+
[   11.129543] cloud-init[780]: ci-info: | Route | Destination | Gateway  |     Genmask     | Interface | Flags |
[   11.130558] cloud-init[780]: ci-info: +-------+-------------+----------+-----------------+-----------+-------+
[   11.131556] cloud-init[780]: ci-info: |   0   |   0.0.0.0   | 10.0.2.2 |     0.0.0.0     |   enp0s3  |   UG  |
[   11.132593] cloud-init[780]: ci-info: |   1   |   10.0.2.0  | 0.0.0.0  |  255.255.255.0  |   enp0s3  |   U   |
[   11.133542] cloud-init[780]: ci-info: |   2   |   10.0.2.2  | 0.0.0.0  | 255.255.255.255 |   enp0s3  |   UH  |
[   11.134593] cloud-init[780]: ci-info: +-------+-------------+----------+-----------------+-----------+-------+
[   11.135669] cloud-init[780]: ci-info: +++++++++++++++++++Route IPv6 info+++++++++++++++++++
[   11.149265] cloud-init[780]: ci-info: +-------+-------------+---------+-----------+-------+
[   11.150324] cloud-init[780]: ci-info: | Route | Destination | Gateway | Interface | Flags |
[   11.151286] cloud-init[780]: ci-info: +-------+-------------+---------+-----------+-------+
[   11.152503] cloud-init[780]: ci-info: |   1   |  fe80::/64  |    ::   |   enp0s3  |   U   |
[   11.153460] cloud-init[780]: ci-info: |   3   |    local    |    ::   |   enp0s3  |   U   |
[   11.154122] cloud-init[780]: ci-info: |   4   |   ff00::/8  |    ::   |   enp0s3  |   U   |
[   11.154766] cloud-init[780]: ci-info: +-------+-------------+---------+-----------+-------+
[   12.278785] cloud-init[780]: Generating public/private rsa key pair.
[   12.280020] cloud-init[780]: Your identification has been saved in /etc/ssh/ssh_host_rsa_key.
[   12.281548] cloud-init[780]: Your public key has been saved in /etc/ssh/ssh_host_rsa_key.pub.
[   12.282937] cloud-init[780]: The key fingerprint is:
[   12.283920] cloud-init[780]: SHA256:+pOwwnJ5iZc1hsgDchaE5dvgq0uqzr1LCwnqdfhyJGw root@ubuntu-bionic
[   12.285136] cloud-init[780]: The key's randomart image is:
[   12.286032] cloud-init[780]: +---[RSA 2048]----+
[   12.286797] cloud-init[780]: | +o              |
[   12.287552] cloud-init[780]: |...              |
[   12.288339] cloud-init[780]: |  o.             |
[   12.289071] cloud-init[780]: |..++             |
[   12.289819] cloud-init[780]: |.++o.. .S        |
[   12.290580] cloud-init[780]: |o .E=.o.+        |
[   12.291267] cloud-init[780]: |.+o=o=.B o       |
[   12.292020] cloud-init[780]: |=.*.X.*.o        |
[   12.292784] cloud-init[780]: |B= B==  ..       |
[   12.293450] cloud-init[780]: +----[SHA256]-----+
[   12.294090] cloud-init[780]: Generating public/private dsa key pair.
[   12.294914] cloud-init[780]: Your identification has been saved in /etc/ssh/ssh_host_dsa_key.
[   12.295894] cloud-init[780]: Your public key has been saved in /etc/ssh/ssh_host_dsa_key.pub.
[   12.296935] cloud-init[780]: The key fingerprint is:
[   12.297558] cloud-init[780]: SHA256:dlxO8vyi00OcN7O1lrUiJ/eTvSiilJd0D5dizC9ub+Q root@ubuntu-bionic
[   12.298585] cloud-init[780]: The key's randomart image is:
[   12.299342] cloud-init[780]: +---[DSA 1024]----+
[   12.300097] cloud-init[780]: |                 |
[   12.300902] cloud-init[780]: |                 |
[   12.301573] cloud-init[780]: |          . o    |
[   12.302196] cloud-init[780]: |         .oB  .  |
[   12.302950] cloud-init[780]: |        S.oO++   |
[   12.303708] cloud-init[780]: |       .o.+ Xo+ o|
[   12.304382] cloud-init[780]: |       o o +++.=B|
[   12.304970] cloud-init[780]: |      . ..o*+EoB.|
[   12.305774] cloud-init[780]: |       .. +oO++oo|
[   12.306471] cloud-init[780]: +----[SHA256]-----+
[   12.307139] cloud-init[780]: Generating public/private ecdsa key pair.
[   12.308043] cloud-init[780]: Your identification has been saved in /etc/ssh/ssh_host_ecdsa_key.
[   12.309393] cloud-init[780]: Your public key has been saved in /etc/ssh/ssh_host_ecdsa_key.pub.
[   12.310498] cloud-init[780]: The key fingerprint is:
[   12.311199] cloud-init[780]: SHA256:y52cXlSUE6dr2kBFL7p+JWHxJ2W1vXt/2ONAb3IWBAk root@ubuntu-bionic
[   12.312260] cloud-init[780]: The key's randomart image is:
[   12.312938] cloud-init[780]: +---[ECDSA 256]---+
[   12.313660] cloud-init[780]: |           E.o*o+|
[   12.314296] cloud-init[780]: |             +=+=|
[   12.314899] cloud-init[780]: |            . +Oo|
[   12.315535] cloud-init[780]: |           . o=o+|
[   12.316217] cloud-init[780]: |        S   +oo=.|
[   12.316866] cloud-init[780]: |       . + +.*o +|
[   12.317474] cloud-init[780]: |        o = +o.@.|
[   12.318131] cloud-init[780]: |         . o  O.=|
[   12.318766] cloud-init[780]: |          . ....+|
[   12.319410] cloud-init[780]: +----[SHA256]-----+
[   12.320012] cloud-init[780]: Generating public/private ed25519 key pair.
[   12.320886] cloud-init[780]: Your identification has been saved in /etc/ssh/ssh_host_ed25519_key.
[   12.321944] cloud-init[780]: Your public key has been saved in /etc/ssh/ssh_host_ed25519_key.pub.
[   12.323014] cloud-init[780]: The key fingerprint is:
[   12.323710] cloud-init[780]: SHA256:q4/tS3m/PXbGMexHeEn1jlTSvHiPjzm9WW7zCOqSkLQ root@ubuntu-bionic
[   12.324757] cloud-init[780]: The key's randomart image is:
[   12.325471] cloud-init[780]: +--[ED25519 256]--+
[   12.326119] cloud-init[780]: |               o |
[   12.326748] cloud-init[780]: |              . =|
[   12.327434] cloud-init[780]: |              .o+|
[   12.328065] cloud-init[780]: |      .      ..+.|
[   12.328744] cloud-init[780]: |     . oS    .+=o|
[   12.329444] cloud-init[780]: |      E  o    +==|
[   12.330186] cloud-init[780]: |       .+.. . .O+|
[   12.331001] cloud-init[780]: |       =o. o o*=@|
[   12.331725] cloud-init[780]: |      oo=+o oooOB|
[   12.332530] cloud-init[780]: +----[SHA256]-----+
[[0;32m  OK  [0m] Started Initial cloud-init job (metadata service crawler).
[[0;32m  OK  [0m] Reached target Network is Online.
[[0;32m  OK  [0m] Reached target Remote File Systems (Pre).
[[0;32m  OK  [0m] Reached target Remote File Systems.
         Starting Availability of block devices...
[[0;32m  OK  [0m] Reached target System Initialization.
[[0;32m  OK  [0m] Started Discard unused blocks once a week.
[[0;32m  OK  [0m] Listening on D-Bus System Message Bus Socket.
[[0;32m  OK  [0m] Started Daily apt download activities.
[[0;32m  OK  [0m] Started Daily apt upgrade and clean activities.
[[0;32m  OK  [0m] Listening on cloud-init hotplug hook socket.
[[0;32m  OK  [0m] Listening on Open-iSCSI iscsid Socket.
[[0;32m  OK  [0m] Started Trigger to poll for Ubuntu â€¦(Only enabled on GCP LTS non-pro).
[[0;32m  OK  [0m] Started ACPI Events Check.
[[0;32m  OK  [0m] Reached target Paths.
[[0;32m  OK  [0m] Started Daily Cleanup of Temporary Directories.
[[0;32m  OK  [0m] Started Message of the Day.
         Starting LXD - unix socket.
[[0;32m  OK  [0m] Listening on UUID daemon activation socket.
[[0;32m  OK  [0m] Started Ubuntu Advantage Timer for running repeated jobs.
         Starting Socket activation for snappy daemon.
[[0;32m  OK  [0m] Reached target Timers.
[[0;32m  OK  [0m] Listening on ACPID Listen Socket.
[[0;32m  OK  [0m] Reached target Cloud-config availability.
[[0;32m  OK  [0m] Started Availability of block devices.
[[0;32m  OK  [0m] Listening on LXD - unix socket.
[[0;32m  OK  [0m] Listening on Socket activation for snappy daemon.
[[0;32m  OK  [0m] Reached target Sockets.
[[0;32m  OK  [0m] Reached target Basic System.
         Starting Dispatcher daemon for systemd-networkd...
         Starting Login Service...
         Starting Accounts Service...
         Starting Pollinate to seed the pseudo random number generator...
[[0;32m  OK  [0m] Started irqbalance daemon.
         Starting System Logging Service...
         Starting LSB: Record successful boot for GRUB...
[[0;32m  OK  [0m] Started D-Bus System Message Bus.
[[0;32m  OK  [0m] Started Deferred execution scheduler.
         Starting Permit User Sessions...
[[0;32m  OK  [0m] Started FUSE filesystem for LXC.
         Starting Virtualbox guest utils...
[[0;32m  OK  [0m] Started Regular background program processing daemon.
         Starting LSB: automatic crash report generation...
         Starting Snap Daemon...
         Starting LXD - container startup/shutdown...
[[0;32m  OK  [0m] Started System Logging Service.
[[0;32m  OK  [0m] Started Permit User Sessions.
[[0;32m  OK  [0m] Started Login Service.
         Starting Authorization Manager...
[[0;32m  OK  [0m] Started Unattended Upgrades Shutdown.
         Starting Hold until boot process finishes up...
         Starting Terminate Plymouth Boot Screen...
[[0;32m  OK  [0m] Started Hold until boot process finishes up.
         Starting Set console scheme...
[[0;32m  OK  [0m] Started Serial Getty on ttyS0.
[[0;32m  OK  [0m] Started Terminate Plymouth Boot Screen.
[[0;32m  OK  [0m] Started Authorization Manager.
[[0;32m  OK  [0m] Started Accounts Service.
[[0;32m  OK  [0m] Started Set console scheme.
[[0;32m  OK  [0m] Created slice system-getty.slice.
[[0;32m  OK  [0m] Started Getty on tty1.
[[0;32m  OK  [0m] Reached target Login Prompts.
[[0;32m  OK  [0m] Started LSB: automatic crash report generation.
[[0;32m  OK  [0m] Started LSB: Record successful boot for GRUB.
[[0;32m  OK  [0m] Started Virtualbox guest utils.
[[0;32m  OK  [0m] Started LXD - container startup/shutdown.
[[0;32m  OK  [0m] Started Dispatcher daemon for systemd-networkd.
[[0;32m  OK  [0m] Started Snap Daemon.
         Starting Wait until snapd is fully seeded...
[[0;32m  OK  [0m] Started Pollinate to seed the pseudo random number generator.
         Starting OpenBSD Secure Shell server...
[[0;32m  OK  [0m] Started OpenBSD Secure Shell server.
         Starting Time & Date Service...
[[0;32m  OK  [0m] Started Time & Date Service.
[[0;32m  OK  [0m] Created slice User Slice of vagrant.
         Starting User Manager for UID 1000...
[[0;32m  OK  [0m] Started Session 1 of user vagrant.
[[0;32m  OK  [0m] Started Wait until snapd is fully seeded.
[[0;32m  OK  [0m] Reached target Multi-User System.
[[0;32m  OK  [0m] Reached target Graphical Interface.
         Starting Update UTMP about System Runlevel Changes...
         Starting Apply the settings specified in cloud-config...
[[0;32m  OK  [0m] Started Update UTMP about System Runlevel Changes.
[[0;32m  OK  [0m] Started User Manager for UID 1000.
[   15.080582] cloud-init[1350]: Cloud-init v. 21.4-0ubuntu1~18.04.1 running 'modules:config' at Mon, 07 Mar 2022 11:58:28 +0000. Up 14.60 seconds.
[[0;32m  OK  [0m] Started Apply the settings specified in cloud-config.
         Starting Execute cloud user/final scripts...
ci-info: no authorized SSH keys fingerprints found for user ubuntu.
<14>Mar  7 11:58:29 cloud-init: #############################################################
<14>Mar  7 11:58:29 cloud-init: -----BEGIN SSH HOST KEY FINGERPRINTS-----
<14>Mar  7 11:58:29 cloud-init: 1024 SHA256:dlxO8vyi00OcN7O1lrUiJ/eTvSiilJd0D5dizC9ub+Q root@ubuntu-bionic (DSA)
<14>Mar  7 11:58:29 cloud-init: 256 SHA256:y52cXlSUE6dr2kBFL7p+JWHxJ2W1vXt/2ONAb3IWBAk root@ubuntu-bionic (ECDSA)
<14>Mar  7 11:58:29 cloud-init: 256 SHA256:q4/tS3m/PXbGMexHeEn1jlTSvHiPjzm9WW7zCOqSkLQ root@ubuntu-bionic (ED25519)
<14>Mar  7 11:58:29 cloud-init: 2048 SHA256:+pOwwnJ5iZc1hsgDchaE5dvgq0uqzr1LCwnqdfhyJGw root@ubuntu-bionic (RSA)
<14>Mar  7 11:58:29 cloud-init: -----END SSH HOST KEY FINGERPRINTS-----
<14>Mar  7 11:58:29 cloud-init: #############################################################
-----BEGIN SSH HOST KEY KEYS-----
ecdsa-sha2-nistp256 AAAAE2VjZHNhLXNoYTItbmlzdHAyNTYAAAAIbmlzdHAyNTYAAABBBCyGcyyUQckcj8vy6EzOpf9jFP/fq+taAiBlySPrVpEoOyngM/Rkg8XyoEGSH5EKjKxxMgxNoXb+jJfSie4fCMQ= root@ubuntu-bionic
ssh-ed25519 AAAAC3NzaC1lZDI1NTE5AAAAILNED6GZpeLZZW0DFK2ESBZkvGB4T8s/j+lpXtwoGChk root@ubuntu-bionic
ssh-rsa AAAAB3NzaC1yc2EAAAADAQABAAABAQD6xVi7wycpPoA93XoIH1duDzmykHFqhLeEHKwZEPY/ZAvex+F8X1xwBX+6PdnKgngV7OJG6WOyx0/k/oNOFfYqxeRCgxXWvi+k+7yvlIw51iKWNM/pDGuwFRMmh2c8lQymzl685bJHg3s7ncg7ou9QQUW/JAiRQu3T6MtHKJGrpRXhcLF2+cIFVm1LOj7mzZGenwKBt+voYeYzCRulp/v/UkXpLTomH6bsxBr43asVXeWd4KcGlDrcK3JqXBGE0W0d1pdaySfg4EpV43pLgaLwNmPMczNxVd592Z0LBeDNC/346/R5+cNO80eb5Jr4VKbYnSw21J1Pqrwd+wwCHpNZ root@ubuntu-bionic
-----END SSH HOST KEY KEYS-----
[   15.920375] cloud-init[1428]: Cloud-init v. 21.4-0ubuntu1~18.04.1 running 'modules:final' at Mon, 07 Mar 2022 11:58:29 +0000. Up 15.60 seconds.
[   15.921494] cloud-init[1428]: ci-info: no authorized SSH keys fingerprints found for user ubuntu.
[   15.922180] cloud-init[1428]: Cloud-init v. 21.4-0ubuntu1~18.04.1 finished at Mon, 07 Mar 2022 11:58:29 +0000. Datasource DataSourceNoCloud [seed=/dev/sdb][dsmode=net].  Up 15.91 seconds
[[0;32m  OK  [0m] Started Execute cloud user/final scripts.
[[0;32m  OK  [0m] Reached target Cloud-init target.

Ubuntu 18.04.6 LTS ubuntu-bionic ttyS0

ubuntu-bionic login: [[0;32m  OK  [0m] Stopped Unattended Upgrades Shutdown.
         Stopping User Manager for UID 1000...
[[0;32m  OK  [0m] Stopped target Host and Network Name Lookups.
         Stopping Session 7 of user vagrant.
[[0;32m  OK  [0m] Stopped target Graphical Interface.
         Stopping Accounts Service...
[[0;32m  OK  [0m] Closed Load/Save RF Kill Switch Status /dev/rfkill Watch.
[[0;32m  OK  [0m] Stopped target Timers.
[[0;32m  OK  [0m] Stopped Message of the Day.
[[0;32m  OK  [0m] Stopped Discard unused blocks once a week.
[[0;32m  OK  [0m] Stopped Daily Cleanup of Temporary Directories.
[[0;32m  OK  [0m] Stopped Ubuntu Advantage Timer for running repeated jobs.
         Stopping Authorization Manager...
[[0;32m  OK  [0m] Stopped target Cloud-init target.
[[0;32m  OK  [0m] Stopped Execute cloud user/final scripts.
[[0;32m  OK  [0m] Stopped Apply the settings specified in cloud-config.
[[0;32m  OK  [0m] Stopped target Cloud-config availability.
[[0;32m  OK  [0m] Stopped target Multi-User System.
         Stopping System Logging Service...
         Stopping Virtualbox guest utils...
         Stopping Dispatcher daemon for systemd-networkd...
         Stopping D-Bus System Message Bus...
[[0;32m  OK  [0m] Stopped target Login Prompts.
         Stopping Getty on tty1...
         Stopping Serial Getty on ttyS0...
         Stopping irqbalance daemon...
         Stopping OpenBSD Secure Shell server...
[[0;32m  OK  [0m] Stopped Wait until snapd is fully seeded.
         Stopping Regular background program processing daemon...
         Stopping LXD - container startup/shutdown...
         Stopping Deferred execution scheduler...
         Stopping LSB: Record successful boot for GRUB...
         Stopping LSB: automatic crash report generation...
         Stopping Asterisk PBX...
         Stopping Availability of block devices...
[[0;32m  OK  [0m] Stopped Daily apt upgrade and clean activities.
[[0;32m  OK  [0m] Stopped Daily apt download activities.
[[0;32m  OK  [0m] Stopped target System Time Synchronized.
         Stopping FUSE filesystem for LXC...
[[0;32m  OK  [0m] Unmounted /var/lib/lxcfs.
[[0;32m  OK  [0m] Stopped Dispatcher daemon for systemd-networkd.
[[0;32m  OK  [0m] Stopped Accounts Service.
[[0;32m  OK  [0m] Stopped irqbalance daemon.
[[0;32m  OK  [0m] Stopped System Logging Service.
[[0;32m  OK  [0m] Stopped Deferred execution scheduler.
[[0;32m  OK  [0m] Stopped Regular background program processing daemon.
[[0;32m  OK  [0m] Stopped Authorization Manager.
[[0;32m  OK  [0m] Stopped Serial Getty on ttyS0.
[[0;32m  OK  [0m] Stopped Getty on tty1.
[[0;32m  OK  [0m] Stopped OpenBSD Secure Shell server.
[[0;32m  OK  [0m] Stopped Asterisk PBX.
[[0;32m  OK  [0m] Stopped User Manager for UID 1000.
[[0;32m  OK  [0m] Stopped D-Bus System Message Bus.
[[0;32m  OK  [0m] Stopped Availability of block devices.
[[0;32m  OK  [0m] Stopped FUSE filesystem for LXC.
[[0;32m  OK  [0m] Stopped Session 7 of user vagrant.
[[0;32m  OK  [0m] Stopped LXD - container startup/shutdown.
[[0;32m  OK  [0m] Stopped LSB: Record successful boot for GRUB.
[[0;32m  OK  [0m] Removed slice User Slice of vagrant.
         Stopping Login Service...
[[0;32m  OK  [0m] Removed slice system-getty.slice.
         Stopping Permit User Sessions...
[[0;32m  OK  [0m] Removed slice system-serial\x2dgetty.slice.
[[0;32m  OK  [0m] Stopped Virtualbox guest utils.
[[0;32m  OK  [0m] Stopped LSB: automatic crash report generation.
[[0;32m  OK  [0m] Stopped Permit User Sessions.
[[0;32m  OK  [0m] Stopped target Remote File Systems.
         Unmounting /vagrant...
[[0;32m  OK  [0m] Unmounted /vagrant.
[[0;32m  OK  [0m] Stopped target Network is Online.
[[0;32m  OK  [0m] Stopped target Network.
         Stopping Network Name Resolution...
[[0;32m  OK  [0m] Stopped target Remote File Systems (Pre).
[[0;32m  OK  [0m] Stopped Login Service.
[[0;32m  OK  [0m] Stopped target Basic System.
[[0;32m  OK  [0m] Stopped target Slices.
[[0;32m  OK  [0m] Stopped target Sockets.
[[0;32m  OK  [0m] Closed Open-iSCSI iscsid Socket.
[[0;32m  OK  [0m] Closed Syslog Socket.
[[0;32m  OK  [0m] Closed LXD - unix socket.
[[0;32m  OK  [0m] Closed Socket activation for snappy daemon.
[[0;32m  OK  [0m] Closed ACPID Listen Socket.
[[0;32m  OK  [0m] Closed UUID daemon activation socket.
[[0;32m  OK  [0m] Closed cloud-init hotplug hook socket.
[[0;32m  OK  [0m] Stopped target Paths.
[[0;32m  OK  [0m] Stopped Trigger to poll for Ubuntu â€¦(Only enabled on GCP LTS non-pro).
[[0;32m  OK  [0m] Stopped ACPI Events Check.
[[0;32m  OK  [0m] Removed slice User and Session Slice.
[[0;32m  OK  [0m] Stopped target User and Group Name Lookups.
[[0;32m  OK  [0m] Closed D-Bus System Message Bus Socket.
[[0;32m  OK  [0m] Stopped target System Initialization.
[[0;32m  OK  [0m] Stopped target Local Encrypted Volumes.
[[0;32m  OK  [0m] Stopped Forward Password Requests to Wall Directory Watch.
[[0;32m  OK  [0m] Stopped Dispatch Password Requests to Console Directory Watch.
         Stopping Update UTMP about System Boot/Shutdown...
         Stopping Load/Save Random Seed...
[[0;32m  OK  [0m] Stopped Commit a transient machine-id on disk.
[[0;32m  OK  [0m] Stopped Initial cloud-init job (metadata service crawler).
[[0;32m  OK  [0m] Stopped Wait for Network to be Configured.
[[0;32m  OK  [0m] Stopped Network Name Resolution.
[[0;32m  OK  [0m] Stopped Load/Save Random Seed.
         Stopping Network Service...
[[0;32m  OK  [0m] Stopped Update UTMP about System Boot/Shutdown.
[[0;32m  OK  [0m] Stopped Create Volatile Files and Directories.
[[0;32m  OK  [0m] Stopped target Local File Systems.
         Unmounting /run/user/1000...
[[0;32m  OK  [0m] Unmounted /run/user/1000.
[[0;32m  OK  [0m] Reached target Unmount All Filesystems.
[[0;32m  OK  [0m] Stopped target Local File Systems (Pre).
[[0;32m  OK  [0m] Stopped Create Static Device Nodes in /dev.
         Stopping Monitoring of LVM2 mirrorsâ€¦ng dmeventd or progress polling...
[[0;32m  OK  [0m] Stopped target Swap.
[[0;32m  OK  [0m] Stopped Network Service.
[[0;32m  OK  [0m] Stopped Apply Kernel Variables.
[[0;32m  OK  [0m] Stopped Load Kernel Modules.
[[0;32m  OK  [0m] Stopped target Network (Pre).
[[0;32m  OK  [0m] Stopped Initial cloud-init job (pre-networking).
[[0;32m  OK  [0m] Stopped Remount Root and Kernel File Systems.
[[0;32m  OK  [0m] Reached target Shutdown.
[[0;32m  OK  [0m] Reached target Final Step.
         Starting Power-Off...
[[0;32m  OK  [0m] Stopped Monitoring of LVM2 mirrors,â€¦sing dmeventd or progress polling.
         Stopping LVM2 metadata daemon...
[[0;32m  OK  [0m] Stopped LVM2 metadata daemon.
[  876.249660] reboot: Power down
